Welcome back dd!
Working directory is: /home/dd/Gemini/FoRecoML
ℹ Testing FoRecoML
Welcome back dd!
Working directory is: /home/dd/Gemini/FoRecoML/tests/testthat
Welcome back dd!
Working directory is: /home/dd/Gemini/FoRecoML/tests/testthat
Welcome back dd!
Working directory is: /home/dd/Gemini/FoRecoML/tests/testthat
Welcome back dd!
Working directory is: /home/dd/Gemini/FoRecoML/tests/testthat
Welcome back dd!
Working directory is: /home/dd/Gemini/FoRecoML/tests/testthat
Welcome back dd!
Working directory is: /home/dd/Gemini/FoRecoML/tests/testthat
Welcome back dd!
Working directory is: /home/dd/Gemini/FoRecoML/tests/testthat
Welcome back dd!
Working directory is: /home/dd/Gemini/FoRecoML/tests/testthat
Welcome back dd!
Working directory is: /home/dd/Gemini/FoRecoML/tests/testthat
Welcome back dd!
Working directory is: /home/dd/Gemini/FoRecoML/tests/testthat
Welcome back dd!
Working directory is: /home/dd/Gemini/FoRecoML/tests/testthat
Welcome back dd!
Working directory is: /home/dd/Gemini/FoRecoML/tests/testthat
Welcome back dd!
Working directory is: /home/dd/Gemini/FoRecoML/tests/testthat
Welcome back dd!
Working directory is: /home/dd/Gemini/FoRecoML/tests/testthat
Welcome back dd!
Working directory is: /home/dd/Gemini/FoRecoML/tests/testthat
Welcome back dd!
Working directory is: /home/dd/Gemini/FoRecoML/tests/testthat
Welcome back dd!
Working directory is: /home/dd/Gemini/FoRecoML/tests/testthat
Welcome back dd!
Working directory is: /home/dd/Gemini/FoRecoML/tests/testthat
Welcome back dd!
Working directory is: /home/dd/Gemini/FoRecoML/tests/testthat
Welcome back dd!
Working directory is: /home/dd/Gemini/FoRecoML/tests/testthat
Welcome back dd!
Working directory is: /home/dd/Gemini/FoRecoML/tests/testthat
Welcome back dd!
Working directory is: /home/dd/Gemini/FoRecoML/tests/testthat
Welcome back dd!
Working directory is: /home/dd/Gemini/FoRecoML/tests/testthat
Welcome back dd!
Working directory is: /home/dd/Gemini/FoRecoML/tests/testthat
Welcome back dd!
Working directory is: /home/dd/Gemini/FoRecoML/tests/testthat
Welcome back dd!
Working directory is: /home/dd/Gemini/FoRecoML/tests/testthat
Welcome back dd!
Working directory is: /home/dd/Gemini/FoRecoML/tests/testthat
Welcome back dd!
Working directory is: /home/dd/Gemini/FoRecoML/tests/testthat
Welcome back dd!
Working directory is: /home/dd/Gemini/FoRecoML/tests/testthat
Welcome back dd!
Working directory is: /home/dd/Gemini/FoRecoML/tests/testthat
Welcome back dd!
Working directory is: /home/dd/Gemini/FoRecoML/tests/testthat
Welcome back dd!
Working directory is: /home/dd/Gemini/FoRecoML/tests/testthat
Welcome back dd!
Working directory is: /home/dd/Gemini/FoRecoML/tests/testthat
Welcome back dd!
Working directory is: /home/dd/Gemini/FoRecoML/tests/testthat
Welcome back dd!
Working directory is: /home/dd/Gemini/FoRecoML/tests/testthat
Welcome back dd!
Working directory is: /home/dd/Gemini/FoRecoML/tests/testthat
Welcome back dd!
Working directory is: /home/dd/Gemini/FoRecoML/tests/testthat
Welcome back dd!
Working directory is: /home/dd/Gemini/FoRecoML/tests/testthat
Welcome back dd!
Working directory is: /home/dd/Gemini/FoRecoML/tests/testthat
Welcome back dd!
Working directory is: /home/dd/Gemini/FoRecoML/tests/testthat
Welcome back dd!
Working directory is: /home/dd/Gemini/FoRecoML/tests/testthat
Welcome back dd!
Working directory is: /home/dd/Gemini/FoRecoML/tests/testthat
Welcome back dd!
Working directory is: /home/dd/Gemini/FoRecoML/tests/testthat
Welcome back dd!
Working directory is: /home/dd/Gemini/FoRecoML/tests/testthat
Welcome back dd!
Working directory is: /home/dd/Gemini/FoRecoML/tests/testthat
Welcome back dd!
Working directory is: /home/dd/Gemini/FoRecoML/tests/testthat
Welcome back dd!
Working directory is: /home/dd/Gemini/FoRecoML/tests/testthat
Welcome back dd!
Working directory is: /home/dd/Gemini/FoRecoML/tests/testthat
Welcome back dd!
Working directory is: /home/dd/Gemini/FoRecoML/tests/testthat
Welcome back dd!
Working directory is: /home/dd/Gemini/FoRecoML/tests/testthat
Welcome back dd!
Working directory is: /home/dd/Gemini/FoRecoML/tests/testthat
Welcome back dd!
Working directory is: /home/dd/Gemini/FoRecoML/tests/testthat
Welcome back dd!
Working directory is: /home/dd/Gemini/FoRecoML/tests/testthat
Welcome back dd!
Working directory is: /home/dd/Gemini/FoRecoML/tests/testthat
Welcome back dd!
Working directory is: /home/dd/Gemini/FoRecoML/tests/testthat
Welcome back dd!
Working directory is: /home/dd/Gemini/FoRecoML/tests/testthat
Welcome back dd!
Working directory is: /home/dd/Gemini/FoRecoML/tests/testthat
Welcome back dd!
Working directory is: /home/dd/Gemini/FoRecoML/tests/testthat
Welcome back dd!
Working directory is: /home/dd/Gemini/FoRecoML/tests/testthat
Welcome back dd!
Working directory is: /home/dd/Gemini/FoRecoML/tests/testthat
Welcome back dd!
Working directory is: /home/dd/Gemini/FoRecoML/tests/testthat
Welcome back dd!
Working directory is: /home/dd/Gemini/FoRecoML/tests/testthat
Welcome back dd!
Working directory is: /home/dd/Gemini/FoRecoML/tests/testthat
Welcome back dd!
Working directory is: /home/dd/Gemini/FoRecoML/tests/testthat
Welcome back dd!
Working directory is: /home/dd/Gemini/FoRecoML/tests/testthat
Welcome back dd!
Working directory is: /home/dd/Gemini/FoRecoML/tests/testthat
Welcome back dd!
Working directory is: /home/dd/Gemini/FoRecoML/tests/testthat
Welcome back dd!
Working directory is: /home/dd/Gemini/FoRecoML/tests/testthat
Welcome back dd!
Working directory is: /home/dd/Gemini/FoRecoML/tests/testthat
Welcome back dd!
Working directory is: /home/dd/Gemini/FoRecoML/tests/testthat
Welcome back dd!
Working directory is: /home/dd/Gemini/FoRecoML/tests/testthat
Welcome back dd!
Working directory is: /home/dd/Gemini/FoRecoML/tests/testthat
Welcome back dd!
Working directory is: /home/dd/Gemini/FoRecoML/tests/testthat
Welcome back dd!
Working directory is: /home/dd/Gemini/FoRecoML/tests/testthat
Welcome back dd!
Working directory is: /home/dd/Gemini/FoRecoML/tests/testthat
Welcome back dd!
Working directory is: /home/dd/Gemini/FoRecoML/tests/testthat
Welcome back dd!
Working directory is: /home/dd/Gemini/FoRecoML/tests/testthat
Welcome back dd!
Working directory is: /home/dd/Gemini/FoRecoML/tests/testthat
Welcome back dd!
Working directory is: /home/dd/Gemini/FoRecoML/tests/testthat
Welcome back dd!
Working directory is: /home/dd/Gemini/FoRecoML/tests/testthat
Welcome back dd!
Working directory is: /home/dd/Gemini/FoRecoML/tests/testthat
Welcome back dd!
Working directory is: /home/dd/Gemini/FoRecoML/tests/testthat
Welcome back dd!
Working directory is: /home/dd/Gemini/FoRecoML/tests/testthat
Welcome back dd!
Working directory is: /home/dd/Gemini/FoRecoML/tests/testthat
Welcome back dd!
Working directory is: /home/dd/Gemini/FoRecoML/tests/testthat
Welcome back dd!
Working directory is: /home/dd/Gemini/FoRecoML/tests/testthat
Welcome back dd!
Working directory is: /home/dd/Gemini/FoRecoML/tests/testthat
Welcome back dd!
Working directory is: /home/dd/Gemini/FoRecoML/tests/testthat
Welcome back dd!
Working directory is: /home/dd/Gemini/FoRecoML/tests/testthat
Welcome back dd!
Working directory is: /home/dd/Gemini/FoRecoML/tests/testthat
Welcome back dd!
Working directory is: /home/dd/Gemini/FoRecoML/tests/testthat
Welcome back dd!
Working directory is: /home/dd/Gemini/FoRecoML/tests/testthat
Welcome back dd!
Working directory is: /home/dd/Gemini/FoRecoML/tests/testthat
Welcome back dd!
Working directory is: /home/dd/Gemini/FoRecoML/tests/testthat
Welcome back dd!
Working directory is: /home/dd/Gemini/FoRecoML/tests/testthat
Welcome back dd!
Working directory is: /home/dd/Gemini/FoRecoML/tests/testthat
Welcome back dd!
Working directory is: /home/dd/Gemini/FoRecoML/tests/testthat
Welcome back dd!
Working directory is: /home/dd/Gemini/FoRecoML/tests/testthat
Welcome back dd!
Working directory is: /home/dd/Gemini/FoRecoML/tests/testthat
Welcome back dd!
Working directory is: /home/dd/Gemini/FoRecoML/tests/testthat
Welcome back dd!
Working directory is: /home/dd/Gemini/FoRecoML/tests/testthat
Welcome back dd!
Working directory is: /home/dd/Gemini/FoRecoML/tests/testthat
Welcome back dd!
Working directory is: /home/dd/Gemini/FoRecoML/tests/testthat
Welcome back dd!
Working directory is: /home/dd/Gemini/FoRecoML/tests/testthat
Welcome back dd!
Working directory is: /home/dd/Gemini/FoRecoML/tests/testthat
Welcome back dd!
Working directory is: /home/dd/Gemini/FoRecoML/tests/testthat
Welcome back dd!
Working directory is: /home/dd/Gemini/FoRecoML/tests/testthat
Welcome back dd!
Working directory is: /home/dd/Gemini/FoRecoML/tests/testthat
Welcome back dd!
Working directory is: /home/dd/Gemini/FoRecoML/tests/testthat
Welcome back dd!
Working directory is: /home/dd/Gemini/FoRecoML/tests/testthat
Welcome back dd!
Working directory is: /home/dd/Gemini/FoRecoML/tests/testthat
Welcome back dd!
Working directory is: /home/dd/Gemini/FoRecoML/tests/testthat
Welcome back dd!
Working directory is: /home/dd/Gemini/FoRecoML/tests/testthat
Welcome back dd!
Working directory is: /home/dd/Gemini/FoRecoML/tests/testthat
Welcome back dd!
Working directory is: /home/dd/Gemini/FoRecoML/tests/testthat
Welcome back dd!
Working directory is: /home/dd/Gemini/FoRecoML/tests/testthat
Welcome back dd!
Working directory is: /home/dd/Gemini/FoRecoML/tests/testthat
Welcome back dd!
Working directory is: /home/dd/Gemini/FoRecoML/tests/testthat
Welcome back dd!
Working directory is: /home/dd/Gemini/FoRecoML/tests/testthat
Welcome back dd!
Working directory is: /home/dd/Gemini/FoRecoML/tests/testthat
Welcome back dd!
Working directory is: /home/dd/Gemini/FoRecoML/tests/testthat
Welcome back dd!
Working directory is: /home/dd/Gemini/FoRecoML/tests/testthat
Welcome back dd!
Working directory is: /home/dd/Gemini/FoRecoML/tests/testthat
Welcome back dd!
Working directory is: /home/dd/Gemini/FoRecoML/tests/testthat
Welcome back dd!
Working directory is: /home/dd/Gemini/FoRecoML/tests/testthat
Welcome back dd!
Working directory is: /home/dd/Gemini/FoRecoML/tests/testthat
Welcome back dd!
Working directory is: /home/dd/Gemini/FoRecoML/tests/testthat
Welcome back dd!
Working directory is: /home/dd/Gemini/FoRecoML/tests/testthat
Welcome back dd!
Working directory is: /home/dd/Gemini/FoRecoML/tests/testthat
Welcome back dd!
Working directory is: /home/dd/Gemini/FoRecoML/tests/testthat
Welcome back dd!
Working directory is: /home/dd/Gemini/FoRecoML/tests/testthat
Welcome back dd!
Working directory is: /home/dd/Gemini/FoRecoML/tests/testthat
Welcome back dd!
Working directory is: /home/dd/Gemini/FoRecoML/tests/testthat
Welcome back dd!
Working directory is: /home/dd/Gemini/FoRecoML/tests/testthat
Welcome back dd!
Working directory is: /home/dd/Gemini/FoRecoML/tests/testthat
Welcome back dd!
Working directory is: /home/dd/Gemini/FoRecoML/tests/testthat
Welcome back dd!
Working directory is: /home/dd/Gemini/FoRecoML/tests/testthat
Welcome back dd!
Working directory is: /home/dd/Gemini/FoRecoML/tests/testthat
Welcome back dd!
Working directory is: /home/dd/Gemini/FoRecoML/tests/testthat
Welcome back dd!
Working directory is: /home/dd/Gemini/FoRecoML/tests/testthat
Welcome back dd!
Working directory is: /home/dd/Gemini/FoRecoML/tests/testthat
Welcome back dd!
Working directory is: /home/dd/Gemini/FoRecoML/tests/testthat
Welcome back dd!
Working directory is: /home/dd/Gemini/FoRecoML/tests/testthat
Welcome back dd!
Working directory is: /home/dd/Gemini/FoRecoML/tests/testthat
Welcome back dd!
Working directory is: /home/dd/Gemini/FoRecoML/tests/testthat
Welcome back dd!
Working directory is: /home/dd/Gemini/FoRecoML/tests/testthat
Welcome back dd!
Working directory is: /home/dd/Gemini/FoRecoML/tests/testthat
Welcome back dd!
Working directory is: /home/dd/Gemini/FoRecoML/tests/testthat
Welcome back dd!
Working directory is: /home/dd/Gemini/FoRecoML/tests/testthat
Welcome back dd!
Working directory is: /home/dd/Gemini/FoRecoML/tests/testthat
Welcome back dd!
Working directory is: /home/dd/Gemini/FoRecoML/tests/testthat
Welcome back dd!
Working directory is: /home/dd/Gemini/FoRecoML/tests/testthat
Welcome back dd!
Working directory is: /home/dd/Gemini/FoRecoML/tests/testthat
Welcome back dd!
Working directory is: /home/dd/Gemini/FoRecoML/tests/testthat
Welcome back dd!
Working directory is: /home/dd/Gemini/FoRecoML/tests/testthat
Welcome back dd!
Working directory is: /home/dd/Gemini/FoRecoML/tests/testthat
Welcome back dd!
Working directory is: /home/dd/Gemini/FoRecoML/tests/testthat
Welcome back dd!
Working directory is: /home/dd/Gemini/FoRecoML/tests/testthat
Welcome back dd!
Working directory is: /home/dd/Gemini/FoRecoML/tests/testthat
Welcome back dd!
Working directory is: /home/dd/Gemini/FoRecoML/tests/testthat
Welcome back dd!
Working directory is: /home/dd/Gemini/FoRecoML/tests/testthat
Welcome back dd!
Working directory is: /home/dd/Gemini/FoRecoML/tests/testthat
Welcome back dd!
Working directory is: /home/dd/Gemini/FoRecoML/tests/testthat
Welcome back dd!
Working directory is: /home/dd/Gemini/FoRecoML/tests/testthat
Welcome back dd!
Working directory is: /home/dd/Gemini/FoRecoML/tests/testthat
Welcome back dd!
Working directory is: /home/dd/Gemini/FoRecoML/tests/testthat
Welcome back dd!
Working directory is: /home/dd/Gemini/FoRecoML/tests/testthat
Welcome back dd!
Working directory is: /home/dd/Gemini/FoRecoML/tests/testthat
Welcome back dd!
Working directory is: /home/dd/Gemini/FoRecoML/tests/testthat
Welcome back dd!
Working directory is: /home/dd/Gemini/FoRecoML/tests/testthat
Welcome back dd!
Working directory is: /home/dd/Gemini/FoRecoML/tests/testthat
Welcome back dd!
Working directory is: /home/dd/Gemini/FoRecoML/tests/testthat
Welcome back dd!
Working directory is: /home/dd/Gemini/FoRecoML/tests/testthat
Welcome back dd!
Working directory is: /home/dd/Gemini/FoRecoML/tests/testthat
Welcome back dd!
Working directory is: /home/dd/Gemini/FoRecoML/tests/testthat
Welcome back dd!
Working directory is: /home/dd/Gemini/FoRecoML/tests/testthat
Welcome back dd!
Working directory is: /home/dd/Gemini/FoRecoML/tests/testthat
Welcome back dd!
Working directory is: /home/dd/Gemini/FoRecoML/tests/testthat
Welcome back dd!
Working directory is: /home/dd/Gemini/FoRecoML/tests/testthat
Welcome back dd!
Working directory is: /home/dd/Gemini/FoRecoML/tests/testthat
Welcome back dd!
Working directory is: /home/dd/Gemini/FoRecoML/tests/testthat
Welcome back dd!
Working directory is: /home/dd/Gemini/FoRecoML/tests/testthat
Welcome back dd!
Working directory is: /home/dd/Gemini/FoRecoML/tests/testthat
Welcome back dd!
Working directory is: /home/dd/Gemini/FoRecoML/tests/testthat
Welcome back dd!
Working directory is: /home/dd/Gemini/FoRecoML/tests/testthat
Welcome back dd!
Working directory is: /home/dd/Gemini/FoRecoML/tests/testthat
Welcome back dd!
Working directory is: /home/dd/Gemini/FoRecoML/tests/testthat
Welcome back dd!
Working directory is: /home/dd/Gemini/FoRecoML/tests/testthat
Welcome back dd!
Working directory is: /home/dd/Gemini/FoRecoML/tests/testthat
Welcome back dd!
Working directory is: /home/dd/Gemini/FoRecoML/tests/testthat
Welcome back dd!
Working directory is: /home/dd/Gemini/FoRecoML/tests/testthat
Welcome back dd!
Working directory is: /home/dd/Gemini/FoRecoML/tests/testthat
Welcome back dd!
Working directory is: /home/dd/Gemini/FoRecoML/tests/testthat
Welcome back dd!
Working directory is: /home/dd/Gemini/FoRecoML/tests/testthat
Welcome back dd!
Working directory is: /home/dd/Gemini/FoRecoML/tests/testthat
Welcome back dd!
Working directory is: /home/dd/Gemini/FoRecoML/tests/testthat
Welcome back dd!
Working directory is: /home/dd/Gemini/FoRecoML/tests/testthat
Welcome back dd!
Working directory is: /home/dd/Gemini/FoRecoML/tests/testthat
Welcome back dd!
Working directory is: /home/dd/Gemini/FoRecoML/tests/testthat
Welcome back dd!
Working directory is: /home/dd/Gemini/FoRecoML/tests/testthat
Welcome back dd!
Working directory is: /home/dd/Gemini/FoRecoML/tests/testthat
Welcome back dd!
Working directory is: /home/dd/Gemini/FoRecoML/tests/testthat
Welcome back dd!
Working directory is: /home/dd/Gemini/FoRecoML/tests/testthat
Welcome back dd!
Working directory is: /home/dd/Gemini/FoRecoML/tests/testthat
Welcome back dd!
Working directory is: /home/dd/Gemini/FoRecoML/tests/testthat
Welcome back dd!
Working directory is: /home/dd/Gemini/FoRecoML/tests/testthat
Welcome back dd!
Working directory is: /home/dd/Gemini/FoRecoML/tests/testthat
Welcome back dd!
Working directory is: /home/dd/Gemini/FoRecoML/tests/testthat
Welcome back dd!
Working directory is: /home/dd/Gemini/FoRecoML/tests/testthat
Welcome back dd!
Working directory is: /home/dd/Gemini/FoRecoML/tests/testthat
Welcome back dd!
Working directory is: /home/dd/Gemini/FoRecoML/tests/testthat
Welcome back dd!
Working directory is: /home/dd/Gemini/FoRecoML/tests/testthat
Welcome back dd!
Working directory is: /home/dd/Gemini/FoRecoML/tests/testthat
Welcome back dd!
Working directory is: /home/dd/Gemini/FoRecoML/tests/testthat
Welcome back dd!
Working directory is: /home/dd/Gemini/FoRecoML/tests/testthat
Welcome back dd!
Working directory is: /home/dd/Gemini/FoRecoML/tests/testthat
Welcome back dd!
Working directory is: /home/dd/Gemini/FoRecoML/tests/testthat
Welcome back dd!
Working directory is: /home/dd/Gemini/FoRecoML/tests/testthat
Welcome back dd!
Working directory is: /home/dd/Gemini/FoRecoML/tests/testthat
Welcome back dd!
Working directory is: /home/dd/Gemini/FoRecoML/tests/testthat
Welcome back dd!
Working directory is: /home/dd/Gemini/FoRecoML/tests/testthat
Welcome back dd!
Working directory is: /home/dd/Gemini/FoRecoML/tests/testthat
Welcome back dd!
Working directory is: /home/dd/Gemini/FoRecoML/tests/testthat
Welcome back dd!
Working directory is: /home/dd/Gemini/FoRecoML/tests/testthat
Welcome back dd!
Working directory is: /home/dd/Gemini/FoRecoML/tests/testthat
Welcome back dd!
Working directory is: /home/dd/Gemini/FoRecoML/tests/testthat
Welcome back dd!
Working directory is: /home/dd/Gemini/FoRecoML/tests/testthat
Welcome back dd!
Working directory is: /home/dd/Gemini/FoRecoML/tests/testthat
Welcome back dd!
Working directory is: /home/dd/Gemini/FoRecoML/tests/testthat
Welcome back dd!
Working directory is: /home/dd/Gemini/FoRecoML/tests/testthat
Welcome back dd!
Working directory is: /home/dd/Gemini/FoRecoML/tests/testthat
Welcome back dd!
Working directory is: /home/dd/Gemini/FoRecoML/tests/testthat
Welcome back dd!
Working directory is: /home/dd/Gemini/FoRecoML/tests/testthat
Welcome back dd!
Working directory is: /home/dd/Gemini/FoRecoML/tests/testthat
Welcome back dd!
Working directory is: /home/dd/Gemini/FoRecoML/tests/testthat
Welcome back dd!
Working directory is: /home/dd/Gemini/FoRecoML/tests/testthat
Welcome back dd!
Working directory is: /home/dd/Gemini/FoRecoML/tests/testthat
Welcome back dd!
Working directory is: /home/dd/Gemini/FoRecoML/tests/testthat
Welcome back dd!
Working directory is: /home/dd/Gemini/FoRecoML/tests/testthat
Welcome back dd!
Working directory is: /home/dd/Gemini/FoRecoML/tests/testthat
Welcome back dd!
Working directory is: /home/dd/Gemini/FoRecoML/tests/testthat
Welcome back dd!
Working directory is: /home/dd/Gemini/FoRecoML/tests/testthat
Welcome back dd!
Working directory is: /home/dd/Gemini/FoRecoML/tests/testthat
Welcome back dd!
Working directory is: /home/dd/Gemini/FoRecoML/tests/testthat
Welcome back dd!
Working directory is: /home/dd/Gemini/FoRecoML/tests/testthat
Welcome back dd!
Working directory is: /home/dd/Gemini/FoRecoML/tests/testthat
Welcome back dd!
Working directory is: /home/dd/Gemini/FoRecoML/tests/testthat
Welcome back dd!
Working directory is: /home/dd/Gemini/FoRecoML/tests/testthat
Welcome back dd!
Working directory is: /home/dd/Gemini/FoRecoML/tests/testthat
Welcome back dd!
Working directory is: /home/dd/Gemini/FoRecoML/tests/testthat
Welcome back dd!
Working directory is: /home/dd/Gemini/FoRecoML/tests/testthat
Welcome back dd!
Working directory is: /home/dd/Gemini/FoRecoML/tests/testthat
Welcome back dd!
Working directory is: /home/dd/Gemini/FoRecoML/tests/testthat
Welcome back dd!
Working directory is: /home/dd/Gemini/FoRecoML/tests/testthat
Welcome back dd!
Working directory is: /home/dd/Gemini/FoRecoML/tests/testthat
Welcome back dd!
Working directory is: /home/dd/Gemini/FoRecoML/tests/testthat
Welcome back dd!
Working directory is: /home/dd/Gemini/FoRecoML/tests/testthat
Welcome back dd!
Working directory is: /home/dd/Gemini/FoRecoML/tests/testthat
Welcome back dd!
Working directory is: /home/dd/Gemini/FoRecoML/tests/testthat
Welcome back dd!
Working directory is: /home/dd/Gemini/FoRecoML/tests/testthat
Welcome back dd!
Working directory is: /home/dd/Gemini/FoRecoML/tests/testthat
Welcome back dd!
Working directory is: /home/dd/Gemini/FoRecoML/tests/testthat
Welcome back dd!
Working directory is: /home/dd/Gemini/FoRecoML/tests/testthat
Welcome back dd!
Working directory is: /home/dd/Gemini/FoRecoML/tests/testthat
Welcome back dd!
Working directory is: /home/dd/Gemini/FoRecoML/tests/testthat
Welcome back dd!
Working directory is: /home/dd/Gemini/FoRecoML/tests/testthat
Welcome back dd!
Working directory is: /home/dd/Gemini/FoRecoML/tests/testthat
Welcome back dd!
Working directory is: /home/dd/Gemini/FoRecoML/tests/testthat
Welcome back dd!
Working directory is: /home/dd/Gemini/FoRecoML/tests/testthat
Welcome back dd!
Working directory is: /home/dd/Gemini/FoRecoML/tests/testthat
Welcome back dd!
Working directory is: /home/dd/Gemini/FoRecoML/tests/testthat
Welcome back dd!
Working directory is: /home/dd/Gemini/FoRecoML/tests/testthat
Welcome back dd!
Working directory is: /home/dd/Gemini/FoRecoML/tests/testthat
Welcome back dd!
Working directory is: /home/dd/Gemini/FoRecoML/tests/testthat
Welcome back dd!
Working directory is: /home/dd/Gemini/FoRecoML/tests/testthat
Welcome back dd!
Working directory is: /home/dd/Gemini/FoRecoML/tests/testthat
Welcome back dd!
Working directory is: /home/dd/Gemini/FoRecoML/tests/testthat
Welcome back dd!
Working directory is: /home/dd/Gemini/FoRecoML/tests/testthat
Welcome back dd!
Working directory is: /home/dd/Gemini/FoRecoML/tests/testthat
Welcome back dd!
Working directory is: /home/dd/Gemini/FoRecoML/tests/testthat
Welcome back dd!
Working directory is: /home/dd/Gemini/FoRecoML/tests/testthat
Welcome back dd!
Working directory is: /home/dd/Gemini/FoRecoML/tests/testthat
Welcome back dd!
Working directory is: /home/dd/Gemini/FoRecoML/tests/testthat
Welcome back dd!
Working directory is: /home/dd/Gemini/FoRecoML/tests/testthat
Welcome back dd!
Working directory is: /home/dd/Gemini/FoRecoML/tests/testthat
Welcome back dd!
Working directory is: /home/dd/Gemini/FoRecoML/tests/testthat
Welcome back dd!
Working directory is: /home/dd/Gemini/FoRecoML/tests/testthat
Welcome back dd!
Working directory is: /home/dd/Gemini/FoRecoML/tests/testthat
Welcome back dd!
Working directory is: /home/dd/Gemini/FoRecoML/tests/testthat
Welcome back dd!
Working directory is: /home/dd/Gemini/FoRecoML/tests/testthat
Welcome back dd!
Working directory is: /home/dd/Gemini/FoRecoML/tests/testthat
Welcome back dd!
Working directory is: /home/dd/Gemini/FoRecoML/tests/testthat
Welcome back dd!
Working directory is: /home/dd/Gemini/FoRecoML/tests/testthat
Welcome back dd!
Working directory is: /home/dd/Gemini/FoRecoML/tests/testthat
Welcome back dd!
Working directory is: /home/dd/Gemini/FoRecoML/tests/testthat
Welcome back dd!
Working directory is: /home/dd/Gemini/FoRecoML/tests/testthat
Welcome back dd!
Working directory is: /home/dd/Gemini/FoRecoML/tests/testthat
Welcome back dd!
Working directory is: /home/dd/Gemini/FoRecoML/tests/testthat
Welcome back dd!
Working directory is: /home/dd/Gemini/FoRecoML/tests/testthat
Welcome back dd!
Working directory is: /home/dd/Gemini/FoRecoML/tests/testthat
Welcome back dd!
Working directory is: /home/dd/Gemini/FoRecoML/tests/testthat
Welcome back dd!
Working directory is: /home/dd/Gemini/FoRecoML/tests/testthat
Welcome back dd!
Working directory is: /home/dd/Gemini/FoRecoML/tests/testthat
Welcome back dd!
Working directory is: /home/dd/Gemini/FoRecoML/tests/testthat
Welcome back dd!
Working directory is: /home/dd/Gemini/FoRecoML/tests/testthat
Welcome back dd!
Working directory is: /home/dd/Gemini/FoRecoML/tests/testthat
Welcome back dd!
Working directory is: /home/dd/Gemini/FoRecoML/tests/testthat
Welcome back dd!
Working directory is: /home/dd/Gemini/FoRecoML/tests/testthat
Welcome back dd!
Working directory is: /home/dd/Gemini/FoRecoML/tests/testthat
Welcome back dd!
Working directory is: /home/dd/Gemini/FoRecoML/tests/testthat
Welcome back dd!
Working directory is: /home/dd/Gemini/FoRecoML/tests/testthat
Welcome back dd!
Working directory is: /home/dd/Gemini/FoRecoML/tests/testthat
Welcome back dd!
Working directory is: /home/dd/Gemini/FoRecoML/tests/testthat
Welcome back dd!
Working directory is: /home/dd/Gemini/FoRecoML/tests/testthat
Welcome back dd!
Working directory is: /home/dd/Gemini/FoRecoML/tests/testthat
Welcome back dd!
Working directory is: /home/dd/Gemini/FoRecoML/tests/testthat
Welcome back dd!
Working directory is: /home/dd/Gemini/FoRecoML/tests/testthat
Welcome back dd!
Working directory is: /home/dd/Gemini/FoRecoML/tests/testthat
Welcome back dd!
Working directory is: /home/dd/Gemini/FoRecoML/tests/testthat
Welcome back dd!
Working directory is: /home/dd/Gemini/FoRecoML/tests/testthat
Welcome back dd!
Working directory is: /home/dd/Gemini/FoRecoML/tests/testthat
Welcome back dd!
Working directory is: /home/dd/Gemini/FoRecoML/tests/testthat
Welcome back dd!
Working directory is: /home/dd/Gemini/FoRecoML/tests/testthat
Welcome back dd!
Working directory is: /home/dd/Gemini/FoRecoML/tests/testthat
Welcome back dd!
Working directory is: /home/dd/Gemini/FoRecoML/tests/testthat
Welcome back dd!
Working directory is: /home/dd/Gemini/FoRecoML/tests/testthat
Welcome back dd!
Working directory is: /home/dd/Gemini/FoRecoML/tests/testthat
Welcome back dd!
Working directory is: /home/dd/Gemini/FoRecoML/tests/testthat
Welcome back dd!
Working directory is: /home/dd/Gemini/FoRecoML/tests/testthat
Welcome back dd!
Working directory is: /home/dd/Gemini/FoRecoML/tests/testthat
Welcome back dd!
Working directory is: /home/dd/Gemini/FoRecoML/tests/testthat
Welcome back dd!
Working directory is: /home/dd/Gemini/FoRecoML/tests/testthat
Welcome back dd!
Working directory is: /home/dd/Gemini/FoRecoML/tests/testthat
Welcome back dd!
Working directory is: /home/dd/Gemini/FoRecoML/tests/testthat
Welcome back dd!
Working directory is: /home/dd/Gemini/FoRecoML/tests/testthat
Welcome back dd!
Working directory is: /home/dd/Gemini/FoRecoML/tests/testthat
Welcome back dd!
Working directory is: /home/dd/Gemini/FoRecoML/tests/testthat
Welcome back dd!
Working directory is: /home/dd/Gemini/FoRecoML/tests/testthat
Welcome back dd!
Working directory is: /home/dd/Gemini/FoRecoML/tests/testthat
Welcome back dd!
Working directory is: /home/dd/Gemini/FoRecoML/tests/testthat
Welcome back dd!
Working directory is: /home/dd/Gemini/FoRecoML/tests/testthat
Welcome back dd!
Working directory is: /home/dd/Gemini/FoRecoML/tests/testthat
Welcome back dd!
Working directory is: /home/dd/Gemini/FoRecoML/tests/testthat
Welcome back dd!
Working directory is: /home/dd/Gemini/FoRecoML/tests/testthat
Welcome back dd!
Working directory is: /home/dd/Gemini/FoRecoML/tests/testthat
Welcome back dd!
Working directory is: /home/dd/Gemini/FoRecoML/tests/testthat
Welcome back dd!
Working directory is: /home/dd/Gemini/FoRecoML/tests/testthat
Welcome back dd!
Working directory is: /home/dd/Gemini/FoRecoML/tests/testthat
Welcome back dd!
Working directory is: /home/dd/Gemini/FoRecoML/tests/testthat
Welcome back dd!
Working directory is: /home/dd/Gemini/FoRecoML/tests/testthat
Welcome back dd!
Working directory is: /home/dd/Gemini/FoRecoML/tests/testthat
Welcome back dd!
Working directory is: /home/dd/Gemini/FoRecoML/tests/testthat
Welcome back dd!
Working directory is: /home/dd/Gemini/FoRecoML/tests/testthat
Welcome back dd!
Working directory is: /home/dd/Gemini/FoRecoML/tests/testthat
Welcome back dd!
Working directory is: /home/dd/Gemini/FoRecoML/tests/testthat
Welcome back dd!
Working directory is: /home/dd/Gemini/FoRecoML/tests/testthat
Welcome back dd!
Working directory is: /home/dd/Gemini/FoRecoML/tests/testthat
Welcome back dd!
Working directory is: /home/dd/Gemini/FoRecoML/tests/testthat
Welcome back dd!
Working directory is: /home/dd/Gemini/FoRecoML/tests/testthat
Welcome back dd!
Working directory is: /home/dd/Gemini/FoRecoML/tests/testthat
Welcome back dd!
Working directory is: /home/dd/Gemini/FoRecoML/tests/testthat
Welcome back dd!
Working directory is: /home/dd/Gemini/FoRecoML/tests/testthat
Welcome back dd!
Working directory is: /home/dd/Gemini/FoRecoML/tests/testthat
Welcome back dd!
Working directory is: /home/dd/Gemini/FoRecoML/tests/testthat
Welcome back dd!
Working directory is: /home/dd/Gemini/FoRecoML/tests/testthat
Welcome back dd!
Working directory is: /home/dd/Gemini/FoRecoML/tests/testthat
Welcome back dd!
Working directory is: /home/dd/Gemini/FoRecoML/tests/testthat
Welcome back dd!
Working directory is: /home/dd/Gemini/FoRecoML/tests/testthat
Welcome back dd!
Working directory is: /home/dd/Gemini/FoRecoML/tests/testthat
Welcome back dd!
Working directory is: /home/dd/Gemini/FoRecoML/tests/testthat
Welcome back dd!
Working directory is: /home/dd/Gemini/FoRecoML/tests/testthat
Welcome back dd!
Working directory is: /home/dd/Gemini/FoRecoML/tests/testthat
Welcome back dd!
Working directory is: /home/dd/Gemini/FoRecoML/tests/testthat
Welcome back dd!
Working directory is: /home/dd/Gemini/FoRecoML/tests/testthat
Welcome back dd!
Working directory is: /home/dd/Gemini/FoRecoML/tests/testthat
Welcome back dd!
Working directory is: /home/dd/Gemini/FoRecoML/tests/testthat
Welcome back dd!
Working directory is: /home/dd/Gemini/FoRecoML/tests/testthat
Welcome back dd!
Working directory is: /home/dd/Gemini/FoRecoML/tests/testthat
Welcome back dd!
Working directory is: /home/dd/Gemini/FoRecoML/tests/testthat
Welcome back dd!
Working directory is: /home/dd/Gemini/FoRecoML/tests/testthat
Welcome back dd!
Working directory is: /home/dd/Gemini/FoRecoML/tests/testthat
Welcome back dd!
Working directory is: /home/dd/Gemini/FoRecoML/tests/testthat
Welcome back dd!
Working directory is: /home/dd/Gemini/FoRecoML/tests/testthat
Welcome back dd!
Working directory is: /home/dd/Gemini/FoRecoML/tests/testthat
Welcome back dd!
Working directory is: /home/dd/Gemini/FoRecoML/tests/testthat
Welcome back dd!
Working directory is: /home/dd/Gemini/FoRecoML/tests/testthat
Welcome back dd!
Working directory is: /home/dd/Gemini/FoRecoML/tests/testthat
Welcome back dd!
Working directory is: /home/dd/Gemini/FoRecoML/tests/testthat
Welcome back dd!
Working directory is: /home/dd/Gemini/FoRecoML/tests/testthat
Welcome back dd!
Working directory is: /home/dd/Gemini/FoRecoML/tests/testthat
Welcome back dd!
Working directory is: /home/dd/Gemini/FoRecoML/tests/testthat
Welcome back dd!
Working directory is: /home/dd/Gemini/FoRecoML/tests/testthat
Welcome back dd!
Working directory is: /home/dd/Gemini/FoRecoML/tests/testthat
Welcome back dd!
Working directory is: /home/dd/Gemini/FoRecoML/tests/testthat
Welcome back dd!
Working directory is: /home/dd/Gemini/FoRecoML/tests/testthat
Welcome back dd!
Working directory is: /home/dd/Gemini/FoRecoML/tests/testthat
Welcome back dd!
Working directory is: /home/dd/Gemini/FoRecoML/tests/testthat
Welcome back dd!
Working directory is: /home/dd/Gemini/FoRecoML/tests/testthat
Welcome back dd!
Working directory is: /home/dd/Gemini/FoRecoML/tests/testthat
Welcome back dd!
Working directory is: /home/dd/Gemini/FoRecoML/tests/testthat
Welcome back dd!
Working directory is: /home/dd/Gemini/FoRecoML/tests/testthat
Welcome back dd!
Working directory is: /home/dd/Gemini/FoRecoML/tests/testthat
Welcome back dd!
Working directory is: /home/dd/Gemini/FoRecoML/tests/testthat
Welcome back dd!
Working directory is: /home/dd/Gemini/FoRecoML/tests/testthat
Welcome back dd!
Working directory is: /home/dd/Gemini/FoRecoML/tests/testthat
Welcome back dd!
Working directory is: /home/dd/Gemini/FoRecoML/tests/testthat
Welcome back dd!
Working directory is: /home/dd/Gemini/FoRecoML/tests/testthat
Welcome back dd!
Working directory is: /home/dd/Gemini/FoRecoML/tests/testthat
Welcome back dd!
Working directory is: /home/dd/Gemini/FoRecoML/tests/testthat
Welcome back dd!
Working directory is: /home/dd/Gemini/FoRecoML/tests/testthat
Welcome back dd!
Working directory is: /home/dd/Gemini/FoRecoML/tests/testthat
Welcome back dd!
Working directory is: /home/dd/Gemini/FoRecoML/tests/testthat
Welcome back dd!
Working directory is: /home/dd/Gemini/FoRecoML/tests/testthat
Welcome back dd!
Working directory is: /home/dd/Gemini/FoRecoML/tests/testthat
Welcome back dd!
Working directory is: /home/dd/Gemini/FoRecoML/tests/testthat
Welcome back dd!
Working directory is: /home/dd/Gemini/FoRecoML/tests/testthat
Welcome back dd!
Working directory is: /home/dd/Gemini/FoRecoML/tests/testthat
Welcome back dd!
Working directory is: /home/dd/Gemini/FoRecoML/tests/testthat
Welcome back dd!
Working directory is: /home/dd/Gemini/FoRecoML/tests/testthat
Welcome back dd!
Working directory is: /home/dd/Gemini/FoRecoML/tests/testthat
Welcome back dd!
Working directory is: /home/dd/Gemini/FoRecoML/tests/testthat
Welcome back dd!
Working directory is: /home/dd/Gemini/FoRecoML/tests/testthat
Welcome back dd!
Working directory is: /home/dd/Gemini/FoRecoML/tests/testthat
Welcome back dd!
Working directory is: /home/dd/Gemini/FoRecoML/tests/testthat
Welcome back dd!
Working directory is: /home/dd/Gemini/FoRecoML/tests/testthat
Welcome back dd!
Working directory is: /home/dd/Gemini/FoRecoML/tests/testthat
Welcome back dd!
Working directory is: /home/dd/Gemini/FoRecoML/tests/testthat
Welcome back dd!
Working directory is: /home/dd/Gemini/FoRecoML/tests/testthat
Welcome back dd!
Working directory is: /home/dd/Gemini/FoRecoML/tests/testthat
Welcome back dd!
Working directory is: /home/dd/Gemini/FoRecoML/tests/testthat
Welcome back dd!
Working directory is: /home/dd/Gemini/FoRecoML/tests/testthat
Welcome back dd!
Working directory is: /home/dd/Gemini/FoRecoML/tests/testthat
Welcome back dd!
Working directory is: /home/dd/Gemini/FoRecoML/tests/testthat
Welcome back dd!
Working directory is: /home/dd/Gemini/FoRecoML/tests/testthat
Welcome back dd!
Working directory is: /home/dd/Gemini/FoRecoML/tests/testthat
Welcome back dd!
Working directory is: /home/dd/Gemini/FoRecoML/tests/testthat
Welcome back dd!
Working directory is: /home/dd/Gemini/FoRecoML/tests/testthat
Welcome back dd!
Working directory is: /home/dd/Gemini/FoRecoML/tests/testthat
Welcome back dd!
Working directory is: /home/dd/Gemini/FoRecoML/tests/testthat
Welcome back dd!
Working directory is: /home/dd/Gemini/FoRecoML/tests/testthat
Welcome back dd!
Working directory is: /home/dd/Gemini/FoRecoML/tests/testthat
Welcome back dd!
Working directory is: /home/dd/Gemini/FoRecoML/tests/testthat
Welcome back dd!
Working directory is: /home/dd/Gemini/FoRecoML/tests/testthat
Welcome back dd!
Working directory is: /home/dd/Gemini/FoRecoML/tests/testthat
Welcome back dd!
Working directory is: /home/dd/Gemini/FoRecoML/tests/testthat
Welcome back dd!
Working directory is: /home/dd/Gemini/FoRecoML/tests/testthat
Welcome back dd!
Working directory is: /home/dd/Gemini/FoRecoML/tests/testthat
Welcome back dd!
Working directory is: /home/dd/Gemini/FoRecoML/tests/testthat
Welcome back dd!
Working directory is: /home/dd/Gemini/FoRecoML/tests/testthat
Welcome back dd!
Working directory is: /home/dd/Gemini/FoRecoML/tests/testthat
Welcome back dd!
Working directory is: /home/dd/Gemini/FoRecoML/tests/testthat
Welcome back dd!
Working directory is: /home/dd/Gemini/FoRecoML/tests/testthat
Welcome back dd!
Working directory is: /home/dd/Gemini/FoRecoML/tests/testthat
Welcome back dd!
Working directory is: /home/dd/Gemini/FoRecoML/tests/testthat
Welcome back dd!
Working directory is: /home/dd/Gemini/FoRecoML/tests/testthat
Welcome back dd!
Working directory is: /home/dd/Gemini/FoRecoML/tests/testthat
Welcome back dd!
Working directory is: /home/dd/Gemini/FoRecoML/tests/testthat
Welcome back dd!
Working directory is: /home/dd/Gemini/FoRecoML/tests/testthat
Welcome back dd!
Working directory is: /home/dd/Gemini/FoRecoML/tests/testthat
Welcome back dd!
Working directory is: /home/dd/Gemini/FoRecoML/tests/testthat
Welcome back dd!
Working directory is: /home/dd/Gemini/FoRecoML/tests/testthat
Welcome back dd!
Working directory is: /home/dd/Gemini/FoRecoML/tests/testthat
Welcome back dd!
Working directory is: /home/dd/Gemini/FoRecoML/tests/testthat
Welcome back dd!
Working directory is: /home/dd/Gemini/FoRecoML/tests/testthat
Welcome back dd!
Working directory is: /home/dd/Gemini/FoRecoML/tests/testthat
Welcome back dd!
Working directory is: /home/dd/Gemini/FoRecoML/tests/testthat
Welcome back dd!
Working directory is: /home/dd/Gemini/FoRecoML/tests/testthat
Welcome back dd!
Working directory is: /home/dd/Gemini/FoRecoML/tests/testthat
Welcome back dd!
Working directory is: /home/dd/Gemini/FoRecoML/tests/testthat
Welcome back dd!
Working directory is: /home/dd/Gemini/FoRecoML/tests/testthat
Welcome back dd!
Working directory is: /home/dd/Gemini/FoRecoML/tests/testthat
Welcome back dd!
Working directory is: /home/dd/Gemini/FoRecoML/tests/testthat
Welcome back dd!
Working directory is: /home/dd/Gemini/FoRecoML/tests/testthat
Welcome back dd!
Working directory is: /home/dd/Gemini/FoRecoML/tests/testthat
Welcome back dd!
Working directory is: /home/dd/Gemini/FoRecoML/tests/testthat
Welcome back dd!
Working directory is: /home/dd/Gemini/FoRecoML/tests/testthat
Welcome back dd!
Working directory is: /home/dd/Gemini/FoRecoML/tests/testthat
Welcome back dd!
Working directory is: /home/dd/Gemini/FoRecoML/tests/testthat
Welcome back dd!
Working directory is: /home/dd/Gemini/FoRecoML/tests/testthat
Welcome back dd!
Working directory is: /home/dd/Gemini/FoRecoML/tests/testthat
Welcome back dd!
Working directory is: /home/dd/Gemini/FoRecoML/tests/testthat
Welcome back dd!
Working directory is: /home/dd/Gemini/FoRecoML/tests/testthat
Welcome back dd!
Working directory is: /home/dd/Gemini/FoRecoML/tests/testthat
Welcome back dd!
Working directory is: /home/dd/Gemini/FoRecoML/tests/testthat
Welcome back dd!
Working directory is: /home/dd/Gemini/FoRecoML/tests/testthat
Welcome back dd!
Working directory is: /home/dd/Gemini/FoRecoML/tests/testthat
Welcome back dd!
Working directory is: /home/dd/Gemini/FoRecoML/tests/testthat
Welcome back dd!
Working directory is: /home/dd/Gemini/FoRecoML/tests/testthat
Welcome back dd!
Working directory is: /home/dd/Gemini/FoRecoML/tests/testthat
Welcome back dd!
Working directory is: /home/dd/Gemini/FoRecoML/tests/testthat
Welcome back dd!
Working directory is: /home/dd/Gemini/FoRecoML/tests/testthat
Welcome back dd!
Working directory is: /home/dd/Gemini/FoRecoML/tests/testthat
Welcome back dd!
Working directory is: /home/dd/Gemini/FoRecoML/tests/testthat
Welcome back dd!
Working directory is: /home/dd/Gemini/FoRecoML/tests/testthat
Welcome back dd!
Working directory is: /home/dd/Gemini/FoRecoML/tests/testthat
Welcome back dd!
Working directory is: /home/dd/Gemini/FoRecoML/tests/testthat
Welcome back dd!
Working directory is: /home/dd/Gemini/FoRecoML/tests/testthat
Welcome back dd!
Working directory is: /home/dd/Gemini/FoRecoML/tests/testthat
Welcome back dd!
Working directory is: /home/dd/Gemini/FoRecoML/tests/testthat
Welcome back dd!
Working directory is: /home/dd/Gemini/FoRecoML/tests/testthat
Welcome back dd!
Working directory is: /home/dd/Gemini/FoRecoML/tests/testthat
Welcome back dd!
Working directory is: /home/dd/Gemini/FoRecoML/tests/testthat
Welcome back dd!
Working directory is: /home/dd/Gemini/FoRecoML/tests/testthat
Welcome back dd!
Working directory is: /home/dd/Gemini/FoRecoML/tests/testthat
Welcome back dd!
Working directory is: /home/dd/Gemini/FoRecoML/tests/testthat
Welcome back dd!
Working directory is: /home/dd/Gemini/FoRecoML/tests/testthat
Welcome back dd!
Working directory is: /home/dd/Gemini/FoRecoML/tests/testthat
Welcome back dd!
Working directory is: /home/dd/Gemini/FoRecoML/tests/testthat
Welcome back dd!
Working directory is: /home/dd/Gemini/FoRecoML/tests/testthat
Welcome back dd!
Working directory is: /home/dd/Gemini/FoRecoML/tests/testthat
Welcome back dd!
Working directory is: /home/dd/Gemini/FoRecoML/tests/testthat
Welcome back dd!
Working directory is: /home/dd/Gemini/FoRecoML/tests/testthat
Welcome back dd!
Working directory is: /home/dd/Gemini/FoRecoML/tests/testthat
Welcome back dd!
Working directory is: /home/dd/Gemini/FoRecoML/tests/testthat
Welcome back dd!
Working directory is: /home/dd/Gemini/FoRecoML/tests/testthat
Welcome back dd!
Working directory is: /home/dd/Gemini/FoRecoML/tests/testthat
Welcome back dd!
Working directory is: /home/dd/Gemini/FoRecoML/tests/testthat
Welcome back dd!
Working directory is: /home/dd/Gemini/FoRecoML/tests/testthat
Welcome back dd!
Working directory is: /home/dd/Gemini/FoRecoML/tests/testthat
Welcome back dd!
Working directory is: /home/dd/Gemini/FoRecoML/tests/testthat
Welcome back dd!
Working directory is: /home/dd/Gemini/FoRecoML/tests/testthat
Welcome back dd!
Working directory is: /home/dd/Gemini/FoRecoML/tests/testthat
Welcome back dd!
Working directory is: /home/dd/Gemini/FoRecoML/tests/testthat
Welcome back dd!
Working directory is: /home/dd/Gemini/FoRecoML/tests/testthat
Welcome back dd!
Working directory is: /home/dd/Gemini/FoRecoML/tests/testthat
Welcome back dd!
Working directory is: /home/dd/Gemini/FoRecoML/tests/testthat
Welcome back dd!
Working directory is: /home/dd/Gemini/FoRecoML/tests/testthat
Welcome back dd!
Working directory is: /home/dd/Gemini/FoRecoML/tests/testthat
Welcome back dd!
Working directory is: /home/dd/Gemini/FoRecoML/tests/testthat
Welcome back dd!
Working directory is: /home/dd/Gemini/FoRecoML/tests/testthat
Welcome back dd!
Working directory is: /home/dd/Gemini/FoRecoML/tests/testthat
Welcome back dd!
Working directory is: /home/dd/Gemini/FoRecoML/tests/testthat
Welcome back dd!
Working directory is: /home/dd/Gemini/FoRecoML/tests/testthat
Welcome back dd!
Working directory is: /home/dd/Gemini/FoRecoML/tests/testthat
Welcome back dd!
Working directory is: /home/dd/Gemini/FoRecoML/tests/testthat
Welcome back dd!
Working directory is: /home/dd/Gemini/FoRecoML/tests/testthat
Welcome back dd!
Working directory is: /home/dd/Gemini/FoRecoML/tests/testthat
Welcome back dd!
Working directory is: /home/dd/Gemini/FoRecoML/tests/testthat
Welcome back dd!
Working directory is: /home/dd/Gemini/FoRecoML/tests/testthat
Welcome back dd!
Working directory is: /home/dd/Gemini/FoRecoML/tests/testthat
Welcome back dd!
Working directory is: /home/dd/Gemini/FoRecoML/tests/testthat
Welcome back dd!
Working directory is: /home/dd/Gemini/FoRecoML/tests/testthat
Welcome back dd!
Working directory is: /home/dd/Gemini/FoRecoML/tests/testthat
Welcome back dd!
Working directory is: /home/dd/Gemini/FoRecoML/tests/testthat
Welcome back dd!
Working directory is: /home/dd/Gemini/FoRecoML/tests/testthat
Welcome back dd!
Working directory is: /home/dd/Gemini/FoRecoML/tests/testthat
Welcome back dd!
Working directory is: /home/dd/Gemini/FoRecoML/tests/testthat
Welcome back dd!
Working directory is: /home/dd/Gemini/FoRecoML/tests/testthat
Welcome back dd!
Working directory is: /home/dd/Gemini/FoRecoML/tests/testthat
Welcome back dd!
Working directory is: /home/dd/Gemini/FoRecoML/tests/testthat
Welcome back dd!
Working directory is: /home/dd/Gemini/FoRecoML/tests/testthat
Welcome back dd!
Working directory is: /home/dd/Gemini/FoRecoML/tests/testthat
Welcome back dd!
Working directory is: /home/dd/Gemini/FoRecoML/tests/testthat
Welcome back dd!
Working directory is: /home/dd/Gemini/FoRecoML/tests/testthat
Welcome back dd!
Working directory is: /home/dd/Gemini/FoRecoML/tests/testthat
Welcome back dd!
Working directory is: /home/dd/Gemini/FoRecoML/tests/testthat
Welcome back dd!
Working directory is: /home/dd/Gemini/FoRecoML/tests/testthat
Welcome back dd!
Working directory is: /home/dd/Gemini/FoRecoML/tests/testthat
Welcome back dd!
Working directory is: /home/dd/Gemini/FoRecoML/tests/testthat
Welcome back dd!
Working directory is: /home/dd/Gemini/FoRecoML/tests/testthat
Welcome back dd!
Working directory is: /home/dd/Gemini/FoRecoML/tests/testthat
Welcome back dd!
Working directory is: /home/dd/Gemini/FoRecoML/tests/testthat
Welcome back dd!
Working directory is: /home/dd/Gemini/FoRecoML/tests/testthat
Welcome back dd!
Working directory is: /home/dd/Gemini/FoRecoML/tests/testthat
Welcome back dd!
Working directory is: /home/dd/Gemini/FoRecoML/tests/testthat
Welcome back dd!
Working directory is: /home/dd/Gemini/FoRecoML/tests/testthat
Welcome back dd!
Working directory is: /home/dd/Gemini/FoRecoML/tests/testthat
Welcome back dd!
Working directory is: /home/dd/Gemini/FoRecoML/tests/testthat
Welcome back dd!
Working directory is: /home/dd/Gemini/FoRecoML/tests/testthat
Welcome back dd!
Working directory is: /home/dd/Gemini/FoRecoML/tests/testthat
Welcome back dd!
Working directory is: /home/dd/Gemini/FoRecoML/tests/testthat
Welcome back dd!
Working directory is: /home/dd/Gemini/FoRecoML/tests/testthat
Welcome back dd!
Working directory is: /home/dd/Gemini/FoRecoML/tests/testthat
Welcome back dd!
Working directory is: /home/dd/Gemini/FoRecoML/tests/testthat
Welcome back dd!
Working directory is: /home/dd/Gemini/FoRecoML/tests/testthat
Welcome back dd!
Working directory is: /home/dd/Gemini/FoRecoML/tests/testthat
Welcome back dd!
Working directory is: /home/dd/Gemini/FoRecoML/tests/testthat
Welcome back dd!
Working directory is: /home/dd/Gemini/FoRecoML/tests/testthat
Welcome back dd!
Working directory is: /home/dd/Gemini/FoRecoML/tests/testthat
Welcome back dd!
Working directory is: /home/dd/Gemini/FoRecoML/tests/testthat
Welcome back dd!
Working directory is: /home/dd/Gemini/FoRecoML/tests/testthat
Welcome back dd!
Working directory is: /home/dd/Gemini/FoRecoML/tests/testthat
Welcome back dd!
Working directory is: /home/dd/Gemini/FoRecoML/tests/testthat
Welcome back dd!
Working directory is: /home/dd/Gemini/FoRecoML/tests/testthat
Welcome back dd!
Working directory is: /home/dd/Gemini/FoRecoML/tests/testthat
Welcome back dd!
Working directory is: /home/dd/Gemini/FoRecoML/tests/testthat
Welcome back dd!
Working directory is: /home/dd/Gemini/FoRecoML/tests/testthat
Welcome back dd!
Working directory is: /home/dd/Gemini/FoRecoML/tests/testthat
Welcome back dd!
Working directory is: /home/dd/Gemini/FoRecoML/tests/testthat
Welcome back dd!
Working directory is: /home/dd/Gemini/FoRecoML/tests/testthat
Welcome back dd!
Working directory is: /home/dd/Gemini/FoRecoML/tests/testthat
Welcome back dd!
Working directory is: /home/dd/Gemini/FoRecoML/tests/testthat
Welcome back dd!
Working directory is: /home/dd/Gemini/FoRecoML/tests/testthat
Welcome back dd!
Working directory is: /home/dd/Gemini/FoRecoML/tests/testthat
Welcome back dd!
Working directory is: /home/dd/Gemini/FoRecoML/tests/testthat
Welcome back dd!
Working directory is: /home/dd/Gemini/FoRecoML/tests/testthat
Welcome back dd!
Working directory is: /home/dd/Gemini/FoRecoML/tests/testthat
Welcome back dd!
Working directory is: /home/dd/Gemini/FoRecoML/tests/testthat
Welcome back dd!
Working directory is: /home/dd/Gemini/FoRecoML/tests/testthat
Welcome back dd!
Working directory is: /home/dd/Gemini/FoRecoML/tests/testthat
Welcome back dd!
Working directory is: /home/dd/Gemini/FoRecoML/tests/testthat
Welcome back dd!
Working directory is: /home/dd/Gemini/FoRecoML/tests/testthat
Welcome back dd!
Working directory is: /home/dd/Gemini/FoRecoML/tests/testthat
Welcome back dd!
Working directory is: /home/dd/Gemini/FoRecoML/tests/testthat
Welcome back dd!
Working directory is: /home/dd/Gemini/FoRecoML/tests/testthat
Welcome back dd!
Working directory is: /home/dd/Gemini/FoRecoML/tests/testthat
Welcome back dd!
Working directory is: /home/dd/Gemini/FoRecoML/tests/testthat
Welcome back dd!
Working directory is: /home/dd/Gemini/FoRecoML/tests/testthat
Welcome back dd!
Working directory is: /home/dd/Gemini/FoRecoML/tests/testthat
Welcome back dd!
Working directory is: /home/dd/Gemini/FoRecoML/tests/testthat
Welcome back dd!
Working directory is: /home/dd/Gemini/FoRecoML/tests/testthat
Welcome back dd!
Working directory is: /home/dd/Gemini/FoRecoML/tests/testthat
Welcome back dd!
Working directory is: /home/dd/Gemini/FoRecoML/tests/testthat
Welcome back dd!
Working directory is: /home/dd/Gemini/FoRecoML/tests/testthat
Welcome back dd!
Working directory is: /home/dd/Gemini/FoRecoML/tests/testthat
Welcome back dd!
Working directory is: /home/dd/Gemini/FoRecoML/tests/testthat
Welcome back dd!
Working directory is: /home/dd/Gemini/FoRecoML/tests/testthat
Welcome back dd!
Working directory is: /home/dd/Gemini/FoRecoML/tests/testthat
Welcome back dd!
Working directory is: /home/dd/Gemini/FoRecoML/tests/testthat
Welcome back dd!
Working directory is: /home/dd/Gemini/FoRecoML/tests/testthat
Welcome back dd!
Working directory is: /home/dd/Gemini/FoRecoML/tests/testthat
Welcome back dd!
Working directory is: /home/dd/Gemini/FoRecoML/tests/testthat
Welcome back dd!
Working directory is: /home/dd/Gemini/FoRecoML/tests/testthat
Welcome back dd!
Working directory is: /home/dd/Gemini/FoRecoML/tests/testthat
Welcome back dd!
Working directory is: /home/dd/Gemini/FoRecoML/tests/testthat
Welcome back dd!
Working directory is: /home/dd/Gemini/FoRecoML/tests/testthat
Welcome back dd!
Working directory is: /home/dd/Gemini/FoRecoML/tests/testthat
Welcome back dd!
Working directory is: /home/dd/Gemini/FoRecoML/tests/testthat
Welcome back dd!
Working directory is: /home/dd/Gemini/FoRecoML/tests/testthat
Welcome back dd!
Working directory is: /home/dd/Gemini/FoRecoML/tests/testthat
Welcome back dd!
Working directory is: /home/dd/Gemini/FoRecoML/tests/testthat
Welcome back dd!
Working directory is: /home/dd/Gemini/FoRecoML/tests/testthat
Welcome back dd!
Working directory is: /home/dd/Gemini/FoRecoML/tests/testthat
Welcome back dd!
Working directory is: /home/dd/Gemini/FoRecoML/tests/testthat
Welcome back dd!
Working directory is: /home/dd/Gemini/FoRecoML/tests/testthat
Welcome back dd!
Working directory is: /home/dd/Gemini/FoRecoML/tests/testthat
Welcome back dd!
Working directory is: /home/dd/Gemini/FoRecoML/tests/testthat
Welcome back dd!
Working directory is: /home/dd/Gemini/FoRecoML/tests/testthat
Welcome back dd!
Working directory is: /home/dd/Gemini/FoRecoML/tests/testthat
Welcome back dd!
Working directory is: /home/dd/Gemini/FoRecoML/tests/testthat
Welcome back dd!
Working directory is: /home/dd/Gemini/FoRecoML/tests/testthat
Welcome back dd!
Working directory is: /home/dd/Gemini/FoRecoML/tests/testthat
Welcome back dd!
Working directory is: /home/dd/Gemini/FoRecoML/tests/testthat
Welcome back dd!
Working directory is: /home/dd/Gemini/FoRecoML/tests/testthat
Welcome back dd!
Working directory is: /home/dd/Gemini/FoRecoML/tests/testthat
Welcome back dd!
Working directory is: /home/dd/Gemini/FoRecoML/tests/testthat
Welcome back dd!
Working directory is: /home/dd/Gemini/FoRecoML/tests/testthat
Welcome back dd!
Working directory is: /home/dd/Gemini/FoRecoML/tests/testthat
Welcome back dd!
Working directory is: /home/dd/Gemini/FoRecoML/tests/testthat
Welcome back dd!
Working directory is: /home/dd/Gemini/FoRecoML/tests/testthat
Welcome back dd!
Working directory is: /home/dd/Gemini/FoRecoML/tests/testthat
Welcome back dd!
Working directory is: /home/dd/Gemini/FoRecoML/tests/testthat
Welcome back dd!
Working directory is: /home/dd/Gemini/FoRecoML/tests/testthat
Welcome back dd!
Working directory is: /home/dd/Gemini/FoRecoML/tests/testthat
Welcome back dd!
Working directory is: /home/dd/Gemini/FoRecoML/tests/testthat
Welcome back dd!
Working directory is: /home/dd/Gemini/FoRecoML/tests/testthat
Welcome back dd!
Working directory is: /home/dd/Gemini/FoRecoML/tests/testthat
Welcome back dd!
Working directory is: /home/dd/Gemini/FoRecoML/tests/testthat
Welcome back dd!
Working directory is: /home/dd/Gemini/FoRecoML/tests/testthat
Welcome back dd!
Working directory is: /home/dd/Gemini/FoRecoML/tests/testthat
Welcome back dd!
Working directory is: /home/dd/Gemini/FoRecoML/tests/testthat
Welcome back dd!
Working directory is: /home/dd/Gemini/FoRecoML/tests/testthat
Welcome back dd!
Working directory is: /home/dd/Gemini/FoRecoML/tests/testthat
Welcome back dd!
Working directory is: /home/dd/Gemini/FoRecoML/tests/testthat
Welcome back dd!
Working directory is: /home/dd/Gemini/FoRecoML/tests/testthat
Welcome back dd!
Working directory is: /home/dd/Gemini/FoRecoML/tests/testthat
Welcome back dd!
Working directory is: /home/dd/Gemini/FoRecoML/tests/testthat
Welcome back dd!
Working directory is: /home/dd/Gemini/FoRecoML/tests/testthat
Welcome back dd!
Working directory is: /home/dd/Gemini/FoRecoML/tests/testthat
Welcome back dd!
Working directory is: /home/dd/Gemini/FoRecoML/tests/testthat
Welcome back dd!
Working directory is: /home/dd/Gemini/FoRecoML/tests/testthat
Welcome back dd!
Working directory is: /home/dd/Gemini/FoRecoML/tests/testthat
Welcome back dd!
Working directory is: /home/dd/Gemini/FoRecoML/tests/testthat
Welcome back dd!
Working directory is: /home/dd/Gemini/FoRecoML/tests/testthat
Welcome back dd!
Working directory is: /home/dd/Gemini/FoRecoML/tests/testthat
Welcome back dd!
Working directory is: /home/dd/Gemini/FoRecoML/tests/testthat
Welcome back dd!
Working directory is: /home/dd/Gemini/FoRecoML/tests/testthat
Welcome back dd!
Working directory is: /home/dd/Gemini/FoRecoML/tests/testthat
Welcome back dd!
Working directory is: /home/dd/Gemini/FoRecoML/tests/testthat
Welcome back dd!
Working directory is: /home/dd/Gemini/FoRecoML/tests/testthat
Welcome back dd!
Working directory is: /home/dd/Gemini/FoRecoML/tests/testthat
Welcome back dd!
Working directory is: /home/dd/Gemini/FoRecoML/tests/testthat
Welcome back dd!
Working directory is: /home/dd/Gemini/FoRecoML/tests/testthat
Welcome back dd!
Working directory is: /home/dd/Gemini/FoRecoML/tests/testthat
Welcome back dd!
Working directory is: /home/dd/Gemini/FoRecoML/tests/testthat
Welcome back dd!
Working directory is: /home/dd/Gemini/FoRecoML/tests/testthat
Welcome back dd!
Working directory is: /home/dd/Gemini/FoRecoML/tests/testthat
Welcome back dd!
Working directory is: /home/dd/Gemini/FoRecoML/tests/testthat
Welcome back dd!
Working directory is: /home/dd/Gemini/FoRecoML/tests/testthat
Welcome back dd!
Working directory is: /home/dd/Gemini/FoRecoML/tests/testthat
Welcome back dd!
Working directory is: /home/dd/Gemini/FoRecoML/tests/testthat
Welcome back dd!
Working directory is: /home/dd/Gemini/FoRecoML/tests/testthat
Welcome back dd!
Working directory is: /home/dd/Gemini/FoRecoML/tests/testthat
Welcome back dd!
Working directory is: /home/dd/Gemini/FoRecoML/tests/testthat
Welcome back dd!
Working directory is: /home/dd/Gemini/FoRecoML/tests/testthat
Welcome back dd!
Working directory is: /home/dd/Gemini/FoRecoML/tests/testthat
Welcome back dd!
Working directory is: /home/dd/Gemini/FoRecoML/tests/testthat
Welcome back dd!
Working directory is: /home/dd/Gemini/FoRecoML/tests/testthat
Welcome back dd!
Working directory is: /home/dd/Gemini/FoRecoML/tests/testthat
Welcome back dd!
Working directory is: /home/dd/Gemini/FoRecoML/tests/testthat
Welcome back dd!
Working directory is: /home/dd/Gemini/FoRecoML/tests/testthat
Welcome back dd!
Working directory is: /home/dd/Gemini/FoRecoML/tests/testthat
Welcome back dd!
Working directory is: /home/dd/Gemini/FoRecoML/tests/testthat
Welcome back dd!
Working directory is: /home/dd/Gemini/FoRecoML/tests/testthat
Welcome back dd!
Working directory is: /home/dd/Gemini/FoRecoML/tests/testthat
Welcome back dd!
Working directory is: /home/dd/Gemini/FoRecoML/tests/testthat
Welcome back dd!
Working directory is: /home/dd/Gemini/FoRecoML/tests/testthat
Welcome back dd!
Working directory is: /home/dd/Gemini/FoRecoML/tests/testthat
Welcome back dd!
Working directory is: /home/dd/Gemini/FoRecoML/tests/testthat
Welcome back dd!
Working directory is: /home/dd/Gemini/FoRecoML/tests/testthat
Welcome back dd!
Working directory is: /home/dd/Gemini/FoRecoML/tests/testthat
Welcome back dd!
Working directory is: /home/dd/Gemini/FoRecoML/tests/testthat
Welcome back dd!
Working directory is: /home/dd/Gemini/FoRecoML/tests/testthat
Welcome back dd!
Working directory is: /home/dd/Gemini/FoRecoML/tests/testthat
Welcome back dd!
Working directory is: /home/dd/Gemini/FoRecoML/tests/testthat
Welcome back dd!
Working directory is: /home/dd/Gemini/FoRecoML/tests/testthat
Welcome back dd!
Working directory is: /home/dd/Gemini/FoRecoML/tests/testthat
Welcome back dd!
Working directory is: /home/dd/Gemini/FoRecoML/tests/testthat
Welcome back dd!
Working directory is: /home/dd/Gemini/FoRecoML/tests/testthat
Welcome back dd!
Working directory is: /home/dd/Gemini/FoRecoML/tests/testthat
Welcome back dd!
Working directory is: /home/dd/Gemini/FoRecoML/tests/testthat
Welcome back dd!
Working directory is: /home/dd/Gemini/FoRecoML/tests/testthat
Welcome back dd!
Working directory is: /home/dd/Gemini/FoRecoML/tests/testthat
Welcome back dd!
Working directory is: /home/dd/Gemini/FoRecoML/tests/testthat
Welcome back dd!
Working directory is: /home/dd/Gemini/FoRecoML/tests/testthat
Welcome back dd!
Working directory is: /home/dd/Gemini/FoRecoML/tests/testthat
Welcome back dd!
Working directory is: /home/dd/Gemini/FoRecoML/tests/testthat
Welcome back dd!
Working directory is: /home/dd/Gemini/FoRecoML/tests/testthat
Welcome back dd!
Working directory is: /home/dd/Gemini/FoRecoML/tests/testthat
Welcome back dd!
Working directory is: /home/dd/Gemini/FoRecoML/tests/testthat
Welcome back dd!
Working directory is: /home/dd/Gemini/FoRecoML/tests/testthat
Welcome back dd!
Working directory is: /home/dd/Gemini/FoRecoML/tests/testthat
Welcome back dd!
Working directory is: /home/dd/Gemini/FoRecoML/tests/testthat
Welcome back dd!
Working directory is: /home/dd/Gemini/FoRecoML/tests/testthat
Welcome back dd!
Working directory is: /home/dd/Gemini/FoRecoML/tests/testthat
Welcome back dd!
Working directory is: /home/dd/Gemini/FoRecoML/tests/testthat
Welcome back dd!
Working directory is: /home/dd/Gemini/FoRecoML/tests/testthat
Welcome back dd!
Working directory is: /home/dd/Gemini/FoRecoML/tests/testthat
Welcome back dd!
Working directory is: /home/dd/Gemini/FoRecoML/tests/testthat
Welcome back dd!
Working directory is: /home/dd/Gemini/FoRecoML/tests/testthat
Welcome back dd!
Working directory is: /home/dd/Gemini/FoRecoML/tests/testthat
Welcome back dd!
Working directory is: /home/dd/Gemini/FoRecoML/tests/testthat
Welcome back dd!
Working directory is: /home/dd/Gemini/FoRecoML/tests/testthat
Welcome back dd!
Working directory is: /home/dd/Gemini/FoRecoML/tests/testthat
Welcome back dd!
Working directory is: /home/dd/Gemini/FoRecoML/tests/testthat
Welcome back dd!
Working directory is: /home/dd/Gemini/FoRecoML/tests/testthat
Welcome back dd!
Working directory is: /home/dd/Gemini/FoRecoML/tests/testthat
Welcome back dd!
Working directory is: /home/dd/Gemini/FoRecoML/tests/testthat
Welcome back dd!
Working directory is: /home/dd/Gemini/FoRecoML/tests/testthat
Welcome back dd!
Working directory is: /home/dd/Gemini/FoRecoML/tests/testthat
Welcome back dd!
Working directory is: /home/dd/Gemini/FoRecoML/tests/testthat
Welcome back dd!
Working directory is: /home/dd/Gemini/FoRecoML/tests/testthat
Welcome back dd!
Working directory is: /home/dd/Gemini/FoRecoML/tests/testthat
Welcome back dd!
Working directory is: /home/dd/Gemini/FoRecoML/tests/testthat
Welcome back dd!
Working directory is: /home/dd/Gemini/FoRecoML/tests/testthat
Welcome back dd!
Working directory is: /home/dd/Gemini/FoRecoML/tests/testthat
Welcome back dd!
Working directory is: /home/dd/Gemini/FoRecoML/tests/testthat
Welcome back dd!
Working directory is: /home/dd/Gemini/FoRecoML/tests/testthat
Welcome back dd!
Working directory is: /home/dd/Gemini/FoRecoML/tests/testthat
Welcome back dd!
Working directory is: /home/dd/Gemini/FoRecoML/tests/testthat
Welcome back dd!
Working directory is: /home/dd/Gemini/FoRecoML/tests/testthat
Welcome back dd!
Working directory is: /home/dd/Gemini/FoRecoML/tests/testthat
Welcome back dd!
Working directory is: /home/dd/Gemini/FoRecoML/tests/testthat
Welcome back dd!
Working directory is: /home/dd/Gemini/FoRecoML/tests/testthat
Welcome back dd!
Working directory is: /home/dd/Gemini/FoRecoML/tests/testthat
Welcome back dd!
Working directory is: /home/dd/Gemini/FoRecoML/tests/testthat
Welcome back dd!
Working directory is: /home/dd/Gemini/FoRecoML/tests/testthat
Welcome back dd!
Working directory is: /home/dd/Gemini/FoRecoML/tests/testthat
Welcome back dd!
Working directory is: /home/dd/Gemini/FoRecoML/tests/testthat
Welcome back dd!
Working directory is: /home/dd/Gemini/FoRecoML/tests/testthat
Welcome back dd!
Working directory is: /home/dd/Gemini/FoRecoML/tests/testthat
Welcome back dd!
Working directory is: /home/dd/Gemini/FoRecoML/tests/testthat
Welcome back dd!
Working directory is: /home/dd/Gemini/FoRecoML/tests/testthat
Welcome back dd!
Working directory is: /home/dd/Gemini/FoRecoML/tests/testthat
Welcome back dd!
Working directory is: /home/dd/Gemini/FoRecoML/tests/testthat
Welcome back dd!
Working directory is: /home/dd/Gemini/FoRecoML/tests/testthat
Welcome back dd!
Working directory is: /home/dd/Gemini/FoRecoML/tests/testthat
Welcome back dd!
Working directory is: /home/dd/Gemini/FoRecoML/tests/testthat
Welcome back dd!
Working directory is: /home/dd/Gemini/FoRecoML/tests/testthat
Welcome back dd!
Working directory is: /home/dd/Gemini/FoRecoML/tests/testthat
Welcome back dd!
Working directory is: /home/dd/Gemini/FoRecoML/tests/testthat
Welcome back dd!
Working directory is: /home/dd/Gemini/FoRecoML/tests/testthat
Welcome back dd!
Working directory is: /home/dd/Gemini/FoRecoML/tests/testthat
Welcome back dd!
Working directory is: /home/dd/Gemini/FoRecoML/tests/testthat
Welcome back dd!
Working directory is: /home/dd/Gemini/FoRecoML/tests/testthat
Welcome back dd!
Working directory is: /home/dd/Gemini/FoRecoML/tests/testthat
Welcome back dd!
Working directory is: /home/dd/Gemini/FoRecoML/tests/testthat
Welcome back dd!
Working directory is: /home/dd/Gemini/FoRecoML/tests/testthat
Welcome back dd!
Working directory is: /home/dd/Gemini/FoRecoML/tests/testthat
Welcome back dd!
Working directory is: /home/dd/Gemini/FoRecoML/tests/testthat
Welcome back dd!
Working directory is: /home/dd/Gemini/FoRecoML/tests/testthat
Welcome back dd!
Working directory is: /home/dd/Gemini/FoRecoML/tests/testthat
Welcome back dd!
Working directory is: /home/dd/Gemini/FoRecoML/tests/testthat
Welcome back dd!
Working directory is: /home/dd/Gemini/FoRecoML/tests/testthat
Welcome back dd!
Working directory is: /home/dd/Gemini/FoRecoML/tests/testthat
Welcome back dd!
Working directory is: /home/dd/Gemini/FoRecoML/tests/testthat
Welcome back dd!
Working directory is: /home/dd/Gemini/FoRecoML/tests/testthat
Welcome back dd!
Working directory is: /home/dd/Gemini/FoRecoML/tests/testthat
Welcome back dd!
Working directory is: /home/dd/Gemini/FoRecoML/tests/testthat
Welcome back dd!
Working directory is: /home/dd/Gemini/FoRecoML/tests/testthat
Welcome back dd!
Working directory is: /home/dd/Gemini/FoRecoML/tests/testthat
Welcome back dd!
Working directory is: /home/dd/Gemini/FoRecoML/tests/testthat
Welcome back dd!
Working directory is: /home/dd/Gemini/FoRecoML/tests/testthat
Welcome back dd!
Working directory is: /home/dd/Gemini/FoRecoML/tests/testthat
Welcome back dd!
Working directory is: /home/dd/Gemini/FoRecoML/tests/testthat
Welcome back dd!
Working directory is: /home/dd/Gemini/FoRecoML/tests/testthat
Welcome back dd!
Working directory is: /home/dd/Gemini/FoRecoML/tests/testthat
Welcome back dd!
Working directory is: /home/dd/Gemini/FoRecoML/tests/testthat
Welcome back dd!
Working directory is: /home/dd/Gemini/FoRecoML/tests/testthat
Welcome back dd!
Working directory is: /home/dd/Gemini/FoRecoML/tests/testthat
Welcome back dd!
Working directory is: /home/dd/Gemini/FoRecoML/tests/testthat
Welcome back dd!
Working directory is: /home/dd/Gemini/FoRecoML/tests/testthat
Welcome back dd!
Working directory is: /home/dd/Gemini/FoRecoML/tests/testthat
Welcome back dd!
Working directory is: /home/dd/Gemini/FoRecoML/tests/testthat
Welcome back dd!
Working directory is: /home/dd/Gemini/FoRecoML/tests/testthat
Welcome back dd!
Working directory is: /home/dd/Gemini/FoRecoML/tests/testthat
Welcome back dd!
Working directory is: /home/dd/Gemini/FoRecoML/tests/testthat
Welcome back dd!
Working directory is: /home/dd/Gemini/FoRecoML/tests/testthat
Welcome back dd!
Working directory is: /home/dd/Gemini/FoRecoML/tests/testthat
Welcome back dd!
Working directory is: /home/dd/Gemini/FoRecoML/tests/testthat
Welcome back dd!
Working directory is: /home/dd/Gemini/FoRecoML/tests/testthat
Welcome back dd!
Working directory is: /home/dd/Gemini/FoRecoML/tests/testthat
Welcome back dd!
Working directory is: /home/dd/Gemini/FoRecoML/tests/testthat
Welcome back dd!
Working directory is: /home/dd/Gemini/FoRecoML/tests/testthat
Welcome back dd!
Working directory is: /home/dd/Gemini/FoRecoML/tests/testthat
Welcome back dd!
Working directory is: /home/dd/Gemini/FoRecoML/tests/testthat
Welcome back dd!
Working directory is: /home/dd/Gemini/FoRecoML/tests/testthat
Welcome back dd!
Working directory is: /home/dd/Gemini/FoRecoML/tests/testthat
Welcome back dd!
Working directory is: /home/dd/Gemini/FoRecoML/tests/testthat
Welcome back dd!
Working directory is: /home/dd/Gemini/FoRecoML/tests/testthat
Welcome back dd!
Working directory is: /home/dd/Gemini/FoRecoML/tests/testthat
Welcome back dd!
Working directory is: /home/dd/Gemini/FoRecoML/tests/testthat
Welcome back dd!
Working directory is: /home/dd/Gemini/FoRecoML/tests/testthat
Welcome back dd!
Working directory is: /home/dd/Gemini/FoRecoML/tests/testthat
Welcome back dd!
Working directory is: /home/dd/Gemini/FoRecoML/tests/testthat
Welcome back dd!
Working directory is: /home/dd/Gemini/FoRecoML/tests/testthat
Welcome back dd!
Working directory is: /home/dd/Gemini/FoRecoML/tests/testthat
Welcome back dd!
Working directory is: /home/dd/Gemini/FoRecoML/tests/testthat
Welcome back dd!
Working directory is: /home/dd/Gemini/FoRecoML/tests/testthat
Welcome back dd!
Working directory is: /home/dd/Gemini/FoRecoML/tests/testthat
Welcome back dd!
Working directory is: /home/dd/Gemini/FoRecoML/tests/testthat
Welcome back dd!
Working directory is: /home/dd/Gemini/FoRecoML/tests/testthat
Welcome back dd!
Working directory is: /home/dd/Gemini/FoRecoML/tests/testthat
Welcome back dd!
Working directory is: /home/dd/Gemini/FoRecoML/tests/testthat
Welcome back dd!
Working directory is: /home/dd/Gemini/FoRecoML/tests/testthat
Welcome back dd!
Working directory is: /home/dd/Gemini/FoRecoML/tests/testthat
Welcome back dd!
Working directory is: /home/dd/Gemini/FoRecoML/tests/testthat
Welcome back dd!
Working directory is: /home/dd/Gemini/FoRecoML/tests/testthat
Welcome back dd!
Working directory is: /home/dd/Gemini/FoRecoML/tests/testthat
Welcome back dd!
Working directory is: /home/dd/Gemini/FoRecoML/tests/testthat
Welcome back dd!
Working directory is: /home/dd/Gemini/FoRecoML/tests/testthat
Welcome back dd!
Working directory is: /home/dd/Gemini/FoRecoML/tests/testthat
Welcome back dd!
Working directory is: /home/dd/Gemini/FoRecoML/tests/testthat
Welcome back dd!
Working directory is: /home/dd/Gemini/FoRecoML/tests/testthat
Welcome back dd!
Working directory is: /home/dd/Gemini/FoRecoML/tests/testthat
Welcome back dd!
Working directory is: /home/dd/Gemini/FoRecoML/tests/testthat
Welcome back dd!
Working directory is: /home/dd/Gemini/FoRecoML/tests/testthat
Welcome back dd!
Working directory is: /home/dd/Gemini/FoRecoML/tests/testthat
Welcome back dd!
Working directory is: /home/dd/Gemini/FoRecoML/tests/testthat
Welcome back dd!
Working directory is: /home/dd/Gemini/FoRecoML/tests/testthat
Welcome back dd!
Working directory is: /home/dd/Gemini/FoRecoML/tests/testthat
Welcome back dd!
Working directory is: /home/dd/Gemini/FoRecoML/tests/testthat
Welcome back dd!
Working directory is: /home/dd/Gemini/FoRecoML/tests/testthat
Welcome back dd!
Working directory is: /home/dd/Gemini/FoRecoML/tests/testthat
Welcome back dd!
Working directory is: /home/dd/Gemini/FoRecoML/tests/testthat
Welcome back dd!
Working directory is: /home/dd/Gemini/FoRecoML/tests/testthat
Welcome back dd!
Working directory is: /home/dd/Gemini/FoRecoML/tests/testthat
Welcome back dd!
Working directory is: /home/dd/Gemini/FoRecoML/tests/testthat
Welcome back dd!
Working directory is: /home/dd/Gemini/FoRecoML/tests/testthat
Welcome back dd!
Working directory is: /home/dd/Gemini/FoRecoML/tests/testthat
Welcome back dd!
Working directory is: /home/dd/Gemini/FoRecoML/tests/testthat
Welcome back dd!
Working directory is: /home/dd/Gemini/FoRecoML/tests/testthat
Welcome back dd!
Working directory is: /home/dd/Gemini/FoRecoML/tests/testthat
Welcome back dd!
Working directory is: /home/dd/Gemini/FoRecoML/tests/testthat
Welcome back dd!
Working directory is: /home/dd/Gemini/FoRecoML/tests/testthat
Welcome back dd!
Working directory is: /home/dd/Gemini/FoRecoML/tests/testthat
Welcome back dd!
Working directory is: /home/dd/Gemini/FoRecoML/tests/testthat
Welcome back dd!
Working directory is: /home/dd/Gemini/FoRecoML/tests/testthat
Welcome back dd!
Working directory is: /home/dd/Gemini/FoRecoML/tests/testthat
Welcome back dd!
Working directory is: /home/dd/Gemini/FoRecoML/tests/testthat
Welcome back dd!
Working directory is: /home/dd/Gemini/FoRecoML/tests/testthat
Welcome back dd!
Working directory is: /home/dd/Gemini/FoRecoML/tests/testthat
Welcome back dd!
Working directory is: /home/dd/Gemini/FoRecoML/tests/testthat
Welcome back dd!
Working directory is: /home/dd/Gemini/FoRecoML/tests/testthat
Welcome back dd!
Working directory is: /home/dd/Gemini/FoRecoML/tests/testthat
Welcome back dd!
Working directory is: /home/dd/Gemini/FoRecoML/tests/testthat
Welcome back dd!
Working directory is: /home/dd/Gemini/FoRecoML/tests/testthat
Welcome back dd!
Working directory is: /home/dd/Gemini/FoRecoML/tests/testthat
Welcome back dd!
Working directory is: /home/dd/Gemini/FoRecoML/tests/testthat
Welcome back dd!
Working directory is: /home/dd/Gemini/FoRecoML/tests/testthat
Welcome back dd!
Working directory is: /home/dd/Gemini/FoRecoML/tests/testthat
Welcome back dd!
Working directory is: /home/dd/Gemini/FoRecoML/tests/testthat
Welcome back dd!
Working directory is: /home/dd/Gemini/FoRecoML/tests/testthat
Welcome back dd!
Working directory is: /home/dd/Gemini/FoRecoML/tests/testthat
Welcome back dd!
Working directory is: /home/dd/Gemini/FoRecoML/tests/testthat
Welcome back dd!
Working directory is: /home/dd/Gemini/FoRecoML/tests/testthat
Welcome back dd!
Working directory is: /home/dd/Gemini/FoRecoML/tests/testthat
Welcome back dd!
Working directory is: /home/dd/Gemini/FoRecoML/tests/testthat
Welcome back dd!
Working directory is: /home/dd/Gemini/FoRecoML/tests/testthat
Welcome back dd!
Working directory is: /home/dd/Gemini/FoRecoML/tests/testthat
Welcome back dd!
Working directory is: /home/dd/Gemini/FoRecoML/tests/testthat
Welcome back dd!
Working directory is: /home/dd/Gemini/FoRecoML/tests/testthat
Welcome back dd!
Working directory is: /home/dd/Gemini/FoRecoML/tests/testthat
Welcome back dd!
Working directory is: /home/dd/Gemini/FoRecoML/tests/testthat
Welcome back dd!
Working directory is: /home/dd/Gemini/FoRecoML/tests/testthat
Welcome back dd!
Working directory is: /home/dd/Gemini/FoRecoML/tests/testthat
Welcome back dd!
Working directory is: /home/dd/Gemini/FoRecoML/tests/testthat
Welcome back dd!
Working directory is: /home/dd/Gemini/FoRecoML/tests/testthat
Welcome back dd!
Working directory is: /home/dd/Gemini/FoRecoML/tests/testthat
Welcome back dd!
Working directory is: /home/dd/Gemini/FoRecoML/tests/testthat
Welcome back dd!
Working directory is: /home/dd/Gemini/FoRecoML/tests/testthat
Welcome back dd!
Working directory is: /home/dd/Gemini/FoRecoML/tests/testthat
Welcome back dd!
Working directory is: /home/dd/Gemini/FoRecoML/tests/testthat
Welcome back dd!
Working directory is: /home/dd/Gemini/FoRecoML/tests/testthat
Welcome back dd!
Working directory is: /home/dd/Gemini/FoRecoML/tests/testthat
Welcome back dd!
Working directory is: /home/dd/Gemini/FoRecoML/tests/testthat
Welcome back dd!
Working directory is: /home/dd/Gemini/FoRecoML/tests/testthat
Welcome back dd!
Working directory is: /home/dd/Gemini/FoRecoML/tests/testthat
Welcome back dd!
Working directory is: /home/dd/Gemini/FoRecoML/tests/testthat
Welcome back dd!
Working directory is: /home/dd/Gemini/FoRecoML/tests/testthat
Welcome back dd!
Working directory is: /home/dd/Gemini/FoRecoML/tests/testthat
Welcome back dd!
Working directory is: /home/dd/Gemini/FoRecoML/tests/testthat
Welcome back dd!
Working directory is: /home/dd/Gemini/FoRecoML/tests/testthat
Welcome back dd!
Working directory is: /home/dd/Gemini/FoRecoML/tests/testthat
Welcome back dd!
Working directory is: /home/dd/Gemini/FoRecoML/tests/testthat
Welcome back dd!
Working directory is: /home/dd/Gemini/FoRecoML/tests/testthat
Welcome back dd!
Working directory is: /home/dd/Gemini/FoRecoML/tests/testthat
Welcome back dd!
Working directory is: /home/dd/Gemini/FoRecoML/tests/testthat
Welcome back dd!
Working directory is: /home/dd/Gemini/FoRecoML/tests/testthat
Welcome back dd!
Working directory is: /home/dd/Gemini/FoRecoML/tests/testthat
Welcome back dd!
Working directory is: /home/dd/Gemini/FoRecoML/tests/testthat
Welcome back dd!
Working directory is: /home/dd/Gemini/FoRecoML/tests/testthat
Welcome back dd!
Working directory is: /home/dd/Gemini/FoRecoML/tests/testthat
Welcome back dd!
Working directory is: /home/dd/Gemini/FoRecoML/tests/testthat
Welcome back dd!
Working directory is: /home/dd/Gemini/FoRecoML/tests/testthat
Welcome back dd!
Working directory is: /home/dd/Gemini/FoRecoML/tests/testthat
Welcome back dd!
Working directory is: /home/dd/Gemini/FoRecoML/tests/testthat
Welcome back dd!
Working directory is: /home/dd/Gemini/FoRecoML/tests/testthat
Welcome back dd!
Working directory is: /home/dd/Gemini/FoRecoML/tests/testthat
Welcome back dd!
Working directory is: /home/dd/Gemini/FoRecoML/tests/testthat
Welcome back dd!
Working directory is: /home/dd/Gemini/FoRecoML/tests/testthat
Welcome back dd!
Working directory is: /home/dd/Gemini/FoRecoML/tests/testthat
Welcome back dd!
Working directory is: /home/dd/Gemini/FoRecoML/tests/testthat
Welcome back dd!
Working directory is: /home/dd/Gemini/FoRecoML/tests/testthat
Welcome back dd!
Working directory is: /home/dd/Gemini/FoRecoML/tests/testthat
[10:33:30] WARNING: src/learner.cc:782: 
Parameters: { "nrounds" } are not used.

[10:33:30] WARNING: src/learner.cc:782: 
Parameters: { "nrounds" } are not used.

[10:33:30] WARNING: src/learner.cc:782: 
Parameters: { "nrounds" } are not used.

[10:33:30] WARNING: src/learner.cc:782: 
Parameters: { "nrounds" } are not used.

[10:33:31] WARNING: src/learner.cc:782: 
Parameters: { "nrounds" } are not used.

[10:33:31] WARNING: src/learner.cc:782: 
Parameters: { "nrounds" } are not used.

Welcome back dd!
Working directory is: /home/dd/Gemini/FoRecoML/tests/testthat
Welcome back dd!
Working directory is: /home/dd/Gemini/FoRecoML/tests/testthat
Welcome back dd!
Working directory is: /home/dd/Gemini/FoRecoML/tests/testthat
Welcome back dd!
Working directory is: /home/dd/Gemini/FoRecoML/tests/testthat
Welcome back dd!
Working directory is: /home/dd/Gemini/FoRecoML/tests/testthat
Welcome back dd!
Working directory is: /home/dd/Gemini/FoRecoML/tests/testthat
Welcome back dd!
Working directory is: /home/dd/Gemini/FoRecoML/tests/testthat
Welcome back dd!
Working directory is: /home/dd/Gemini/FoRecoML/tests/testthat
Welcome back dd!
Working directory is: /home/dd/Gemini/FoRecoML/tests/testthat
Welcome back dd!
Working directory is: /home/dd/Gemini/FoRecoML/tests/testthat
[10:33:52] WARNING: src/learner.cc:782: 
Parameters: { "nrounds" } are not used.

[10:33:52] WARNING: src/learner.cc:782: 
Parameters: { "nrounds" } are not used.

Welcome back dd!
Working directory is: /home/dd/Gemini/FoRecoML/tests/testthat
Welcome back dd!
Working directory is: /home/dd/Gemini/FoRecoML/tests/testthat
Welcome back dd!
Working directory is: /home/dd/Gemini/FoRecoML/tests/testthat
Welcome back dd!
Working directory is: /home/dd/Gemini/FoRecoML/tests/testthat
Welcome back dd!
Working directory is: /home/dd/Gemini/FoRecoML/tests/testthat
Welcome back dd!
Working directory is: /home/dd/Gemini/FoRecoML/tests/testthat
Welcome back dd!
Working directory is: /home/dd/Gemini/FoRecoML/tests/testthat
Welcome back dd!
Working directory is: /home/dd/Gemini/FoRecoML/tests/testthat
Welcome back dd!
Working directory is: /home/dd/Gemini/FoRecoML/tests/testthat
Welcome back dd!
Working directory is: /home/dd/Gemini/FoRecoML/tests/testthat
Welcome back dd!
Working directory is: /home/dd/Gemini/FoRecoML/tests/testthat
Welcome back dd!
Working directory is: /home/dd/Gemini/FoRecoML/tests/testthat
Welcome back dd!
Working directory is: /home/dd/Gemini/FoRecoML/tests/testthat
Welcome back dd!
Working directory is: /home/dd/Gemini/FoRecoML/tests/testthat
Welcome back dd!
Working directory is: /home/dd/Gemini/FoRecoML/tests/testthat
Welcome back dd!
Working directory is: /home/dd/Gemini/FoRecoML/tests/testthat
Welcome back dd!
Working directory is: /home/dd/Gemini/FoRecoML/tests/testthat
Welcome back dd!
Working directory is: /home/dd/Gemini/FoRecoML/tests/testthat
Welcome back dd!
Working directory is: /home/dd/Gemini/FoRecoML/tests/testthat
Welcome back dd!
Working directory is: /home/dd/Gemini/FoRecoML/tests/testthat
Welcome back dd!
Working directory is: /home/dd/Gemini/FoRecoML/tests/testthat
Welcome back dd!
Working directory is: /home/dd/Gemini/FoRecoML/tests/testthat
Welcome back dd!
Working directory is: /home/dd/Gemini/FoRecoML/tests/testthat
Welcome back dd!
Working directory is: /home/dd/Gemini/FoRecoML/tests/testthat
Welcome back dd!
Working directory is: /home/dd/Gemini/FoRecoML/tests/testthat
Welcome back dd!
Working directory is: /home/dd/Gemini/FoRecoML/tests/testthat
Welcome back dd!
Working directory is: /home/dd/Gemini/FoRecoML/tests/testthat
Welcome back dd!
Working directory is: /home/dd/Gemini/FoRecoML/tests/testthat
Welcome back dd!
Working directory is: /home/dd/Gemini/FoRecoML/tests/testthat
Welcome back dd!
Working directory is: /home/dd/Gemini/FoRecoML/tests/testthat
Welcome back dd!
Working directory is: /home/dd/Gemini/FoRecoML/tests/testthat
Welcome back dd!
Working directory is: /home/dd/Gemini/FoRecoML/tests/testthat
Welcome back dd!
Working directory is: /home/dd/Gemini/FoRecoML/tests/testthat
Welcome back dd!
Working directory is: /home/dd/Gemini/FoRecoML/tests/testthat
Welcome back dd!
Working directory is: /home/dd/Gemini/FoRecoML/tests/testthat
Welcome back dd!
Working directory is: /home/dd/Gemini/FoRecoML/tests/testthat
Welcome back dd!
Working directory is: /home/dd/Gemini/FoRecoML/tests/testthat
Welcome back dd!
Working directory is: /home/dd/Gemini/FoRecoML/tests/testthat
Welcome back dd!
Working directory is: /home/dd/Gemini/FoRecoML/tests/testthat
Welcome back dd!
Working directory is: /home/dd/Gemini/FoRecoML/tests/testthat
Welcome back dd!
Working directory is: /home/dd/Gemini/FoRecoML/tests/testthat
Welcome back dd!
Working directory is: /home/dd/Gemini/FoRecoML/tests/testthat
Welcome back dd!
Working directory is: /home/dd/Gemini/FoRecoML/tests/testthat
Welcome back dd!
Working directory is: /home/dd/Gemini/FoRecoML/tests/testthat
Welcome back dd!
Working directory is: /home/dd/Gemini/FoRecoML/tests/testthat
Welcome back dd!
Working directory is: /home/dd/Gemini/FoRecoML/tests/testthat
Welcome back dd!
Working directory is: /home/dd/Gemini/FoRecoML/tests/testthat
Welcome back dd!
Working directory is: /home/dd/Gemini/FoRecoML/tests/testthat
Welcome back dd!
Working directory is: /home/dd/Gemini/FoRecoML/tests/testthat
Welcome back dd!
Working directory is: /home/dd/Gemini/FoRecoML/tests/testthat
Welcome back dd!
Working directory is: /home/dd/Gemini/FoRecoML/tests/testthat
Welcome back dd!
Working directory is: /home/dd/Gemini/FoRecoML/tests/testthat
Welcome back dd!
Working directory is: /home/dd/Gemini/FoRecoML/tests/testthat
Welcome back dd!
Working directory is: /home/dd/Gemini/FoRecoML/tests/testthat
Welcome back dd!
Working directory is: /home/dd/Gemini/FoRecoML/tests/testthat
Welcome back dd!
Working directory is: /home/dd/Gemini/FoRecoML/tests/testthat
Welcome back dd!
Working directory is: /home/dd/Gemini/FoRecoML/tests/testthat
Welcome back dd!
Working directory is: /home/dd/Gemini/FoRecoML/tests/testthat
Welcome back dd!
Working directory is: /home/dd/Gemini/FoRecoML/tests/testthat
Welcome back dd!
Working directory is: /home/dd/Gemini/FoRecoML/tests/testthat
Welcome back dd!
Working directory is: /home/dd/Gemini/FoRecoML/tests/testthat
Welcome back dd!
Working directory is: /home/dd/Gemini/FoRecoML/tests/testthat
Welcome back dd!
Working directory is: /home/dd/Gemini/FoRecoML/tests/testthat
Welcome back dd!
Working directory is: /home/dd/Gemini/FoRecoML/tests/testthat
Welcome back dd!
Working directory is: /home/dd/Gemini/FoRecoML/tests/testthat
Welcome back dd!
Working directory is: /home/dd/Gemini/FoRecoML/tests/testthat
Welcome back dd!
Working directory is: /home/dd/Gemini/FoRecoML/tests/testthat
Welcome back dd!
Working directory is: /home/dd/Gemini/FoRecoML/tests/testthat
Welcome back dd!
Working directory is: /home/dd/Gemini/FoRecoML/tests/testthat
Welcome back dd!
Working directory is: /home/dd/Gemini/FoRecoML/tests/testthat
Welcome back dd!
Working directory is: /home/dd/Gemini/FoRecoML/tests/testthat
Welcome back dd!
Working directory is: /home/dd/Gemini/FoRecoML/tests/testthat
Welcome back dd!
Working directory is: /home/dd/Gemini/FoRecoML/tests/testthat
Welcome back dd!
Working directory is: /home/dd/Gemini/FoRecoML/tests/testthat
Welcome back dd!
Working directory is: /home/dd/Gemini/FoRecoML/tests/testthat
Welcome back dd!
Working directory is: /home/dd/Gemini/FoRecoML/tests/testthat
Welcome back dd!
Working directory is: /home/dd/Gemini/FoRecoML/tests/testthat
Welcome back dd!
Working directory is: /home/dd/Gemini/FoRecoML/tests/testthat
Welcome back dd!
Working directory is: /home/dd/Gemini/FoRecoML/tests/testthat
Welcome back dd!
Working directory is: /home/dd/Gemini/FoRecoML/tests/testthat
Welcome back dd!
Working directory is: /home/dd/Gemini/FoRecoML/tests/testthat
Welcome back dd!
Working directory is: /home/dd/Gemini/FoRecoML/tests/testthat
Welcome back dd!
Working directory is: /home/dd/Gemini/FoRecoML/tests/testthat
Welcome back dd!
Working directory is: /home/dd/Gemini/FoRecoML/tests/testthat
Welcome back dd!
Working directory is: /home/dd/Gemini/FoRecoML/tests/testthat
Welcome back dd!
Working directory is: /home/dd/Gemini/FoRecoML/tests/testthat
Welcome back dd!
Working directory is: /home/dd/Gemini/FoRecoML/tests/testthat
Welcome back dd!
Working directory is: /home/dd/Gemini/FoRecoML/tests/testthat
Welcome back dd!
Working directory is: /home/dd/Gemini/FoRecoML/tests/testthat
Welcome back dd!
Working directory is: /home/dd/Gemini/FoRecoML/tests/testthat
Welcome back dd!
Working directory is: /home/dd/Gemini/FoRecoML/tests/testthat
Welcome back dd!
Working directory is: /home/dd/Gemini/FoRecoML/tests/testthat
Welcome back dd!
Working directory is: /home/dd/Gemini/FoRecoML/tests/testthat
Welcome back dd!
Working directory is: /home/dd/Gemini/FoRecoML/tests/testthat
Welcome back dd!
Working directory is: /home/dd/Gemini/FoRecoML/tests/testthat
Welcome back dd!
Working directory is: /home/dd/Gemini/FoRecoML/tests/testthat
Welcome back dd!
Working directory is: /home/dd/Gemini/FoRecoML/tests/testthat
Welcome back dd!
Working directory is: /home/dd/Gemini/FoRecoML/tests/testthat
Welcome back dd!
Working directory is: /home/dd/Gemini/FoRecoML/tests/testthat
Welcome back dd!
Working directory is: /home/dd/Gemini/FoRecoML/tests/testthat
Welcome back dd!
Working directory is: /home/dd/Gemini/FoRecoML/tests/testthat
Welcome back dd!
Working directory is: /home/dd/Gemini/FoRecoML/tests/testthat
Welcome back dd!
Working directory is: /home/dd/Gemini/FoRecoML/tests/testthat
Welcome back dd!
Working directory is: /home/dd/Gemini/FoRecoML/tests/testthat
Welcome back dd!
Working directory is: /home/dd/Gemini/FoRecoML/tests/testthat
Welcome back dd!
Working directory is: /home/dd/Gemini/FoRecoML/tests/testthat
Welcome back dd!
Working directory is: /home/dd/Gemini/FoRecoML/tests/testthat
Welcome back dd!
Working directory is: /home/dd/Gemini/FoRecoML/tests/testthat
Welcome back dd!
Working directory is: /home/dd/Gemini/FoRecoML/tests/testthat
Welcome back dd!
Working directory is: /home/dd/Gemini/FoRecoML/tests/testthat
Welcome back dd!
Working directory is: /home/dd/Gemini/FoRecoML/tests/testthat
Welcome back dd!
Working directory is: /home/dd/Gemini/FoRecoML/tests/testthat
Welcome back dd!
Working directory is: /home/dd/Gemini/FoRecoML/tests/testthat
Welcome back dd!
Working directory is: /home/dd/Gemini/FoRecoML/tests/testthat
Welcome back dd!
Working directory is: /home/dd/Gemini/FoRecoML/tests/testthat
Welcome back dd!
Working directory is: /home/dd/Gemini/FoRecoML/tests/testthat
Welcome back dd!
Working directory is: /home/dd/Gemini/FoRecoML/tests/testthat
Welcome back dd!
Working directory is: /home/dd/Gemini/FoRecoML/tests/testthat
Welcome back dd!
Working directory is: /home/dd/Gemini/FoRecoML/tests/testthat
Welcome back dd!
Working directory is: /home/dd/Gemini/FoRecoML/tests/testthat
Welcome back dd!
Working directory is: /home/dd/Gemini/FoRecoML/tests/testthat
Welcome back dd!
Working directory is: /home/dd/Gemini/FoRecoML/tests/testthat
Welcome back dd!
Working directory is: /home/dd/Gemini/FoRecoML/tests/testthat
Welcome back dd!
Working directory is: /home/dd/Gemini/FoRecoML/tests/testthat
Welcome back dd!
Working directory is: /home/dd/Gemini/FoRecoML/tests/testthat
Welcome back dd!
Working directory is: /home/dd/Gemini/FoRecoML/tests/testthat
Welcome back dd!
Working directory is: /home/dd/Gemini/FoRecoML/tests/testthat
Welcome back dd!
Working directory is: /home/dd/Gemini/FoRecoML/tests/testthat
Welcome back dd!
Working directory is: /home/dd/Gemini/FoRecoML/tests/testthat
Welcome back dd!
Working directory is: /home/dd/Gemini/FoRecoML/tests/testthat
Welcome back dd!
Working directory is: /home/dd/Gemini/FoRecoML/tests/testthat
Welcome back dd!
Working directory is: /home/dd/Gemini/FoRecoML/tests/testthat
Welcome back dd!
Working directory is: /home/dd/Gemini/FoRecoML/tests/testthat
Welcome back dd!
Working directory is: /home/dd/Gemini/FoRecoML/tests/testthat
Welcome back dd!
Working directory is: /home/dd/Gemini/FoRecoML/tests/testthat
Welcome back dd!
Working directory is: /home/dd/Gemini/FoRecoML/tests/testthat
Welcome back dd!
Working directory is: /home/dd/Gemini/FoRecoML/tests/testthat
Welcome back dd!
Working directory is: /home/dd/Gemini/FoRecoML/tests/testthat
Welcome back dd!
Working directory is: /home/dd/Gemini/FoRecoML/tests/testthat
Welcome back dd!
Working directory is: /home/dd/Gemini/FoRecoML/tests/testthat
Welcome back dd!
Working directory is: /home/dd/Gemini/FoRecoML/tests/testthat
Welcome back dd!
Working directory is: /home/dd/Gemini/FoRecoML/tests/testthat
Welcome back dd!
Working directory is: /home/dd/Gemini/FoRecoML/tests/testthat
Welcome back dd!
Working directory is: /home/dd/Gemini/FoRecoML/tests/testthat
Welcome back dd!
Working directory is: /home/dd/Gemini/FoRecoML/tests/testthat
Welcome back dd!
Working directory is: /home/dd/Gemini/FoRecoML/tests/testthat
Welcome back dd!
Working directory is: /home/dd/Gemini/FoRecoML/tests/testthat
Welcome back dd!
Working directory is: /home/dd/Gemini/FoRecoML/tests/testthat
Welcome back dd!
Working directory is: /home/dd/Gemini/FoRecoML/tests/testthat
Welcome back dd!
Working directory is: /home/dd/Gemini/FoRecoML/tests/testthat
Welcome back dd!
Working directory is: /home/dd/Gemini/FoRecoML/tests/testthat
Welcome back dd!
Working directory is: /home/dd/Gemini/FoRecoML/tests/testthat
Welcome back dd!
Working directory is: /home/dd/Gemini/FoRecoML/tests/testthat
Welcome back dd!
Working directory is: /home/dd/Gemini/FoRecoML/tests/testthat
Welcome back dd!
Working directory is: /home/dd/Gemini/FoRecoML/tests/testthat
Welcome back dd!
Working directory is: /home/dd/Gemini/FoRecoML/tests/testthat
Welcome back dd!
Working directory is: /home/dd/Gemini/FoRecoML/tests/testthat
Welcome back dd!
Working directory is: /home/dd/Gemini/FoRecoML/tests/testthat
Welcome back dd!
Working directory is: /home/dd/Gemini/FoRecoML/tests/testthat
Welcome back dd!
Working directory is: /home/dd/Gemini/FoRecoML/tests/testthat
Welcome back dd!
Working directory is: /home/dd/Gemini/FoRecoML/tests/testthat
Welcome back dd!
Working directory is: /home/dd/Gemini/FoRecoML/tests/testthat
Welcome back dd!
Working directory is: /home/dd/Gemini/FoRecoML/tests/testthat
Welcome back dd!
Working directory is: /home/dd/Gemini/FoRecoML/tests/testthat
Welcome back dd!
Working directory is: /home/dd/Gemini/FoRecoML/tests/testthat
Welcome back dd!
Working directory is: /home/dd/Gemini/FoRecoML/tests/testthat
Welcome back dd!
Working directory is: /home/dd/Gemini/FoRecoML/tests/testthat
Welcome back dd!
Working directory is: /home/dd/Gemini/FoRecoML/tests/testthat
Welcome back dd!
Working directory is: /home/dd/Gemini/FoRecoML/tests/testthat
Welcome back dd!
Working directory is: /home/dd/Gemini/FoRecoML/tests/testthat
Welcome back dd!
Working directory is: /home/dd/Gemini/FoRecoML/tests/testthat
Welcome back dd!
Working directory is: /home/dd/Gemini/FoRecoML/tests/testthat
Welcome back dd!
Working directory is: /home/dd/Gemini/FoRecoML/tests/testthat
Welcome back dd!
Working directory is: /home/dd/Gemini/FoRecoML/tests/testthat
Welcome back dd!
Working directory is: /home/dd/Gemini/FoRecoML/tests/testthat
Welcome back dd!
Working directory is: /home/dd/Gemini/FoRecoML/tests/testthat
Welcome back dd!
Working directory is: /home/dd/Gemini/FoRecoML/tests/testthat
Welcome back dd!
Working directory is: /home/dd/Gemini/FoRecoML/tests/testthat
Welcome back dd!
Working directory is: /home/dd/Gemini/FoRecoML/tests/testthat
Welcome back dd!
Working directory is: /home/dd/Gemini/FoRecoML/tests/testthat
Welcome back dd!
Working directory is: /home/dd/Gemini/FoRecoML/tests/testthat
Welcome back dd!
Working directory is: /home/dd/Gemini/FoRecoML/tests/testthat
Welcome back dd!
Working directory is: /home/dd/Gemini/FoRecoML/tests/testthat
Welcome back dd!
Working directory is: /home/dd/Gemini/FoRecoML/tests/testthat
Welcome back dd!
Working directory is: /home/dd/Gemini/FoRecoML/tests/testthat
Welcome back dd!
Working directory is: /home/dd/Gemini/FoRecoML/tests/testthat
Welcome back dd!
Working directory is: /home/dd/Gemini/FoRecoML/tests/testthat
Welcome back dd!
Working directory is: /home/dd/Gemini/FoRecoML/tests/testthat
Welcome back dd!
Working directory is: /home/dd/Gemini/FoRecoML/tests/testthat
Welcome back dd!
Working directory is: /home/dd/Gemini/FoRecoML/tests/testthat
Welcome back dd!
Working directory is: /home/dd/Gemini/FoRecoML/tests/testthat
Welcome back dd!
Working directory is: /home/dd/Gemini/FoRecoML/tests/testthat
Welcome back dd!
Working directory is: /home/dd/Gemini/FoRecoML/tests/testthat
Welcome back dd!
Working directory is: /home/dd/Gemini/FoRecoML/tests/testthat
Welcome back dd!
Working directory is: /home/dd/Gemini/FoRecoML/tests/testthat
Welcome back dd!
Working directory is: /home/dd/Gemini/FoRecoML/tests/testthat
Welcome back dd!
Working directory is: /home/dd/Gemini/FoRecoML/tests/testthat
[ FAIL 0 | WARN 0 | SKIP 0 | PASS 112 ]
